<html>
<body>
<pre>
<h1>µVision Build Log</h1>
<h2>Tool Versions:</h2>
IDE-Version: µVision V5.26.2.0
Copyright (C) 2018 ARM Ltd and ARM Germany GmbH. All rights reserved.
License Information: Anonymous Anonymous, none, LIC=CRMWF-6QK50-9Z2WW-Q3EZM-1HVEK-TG8BT
 
Tool Versions:
Toolchain:       MDK-ARM Professional  Version: 5.26.2.0
Toolchain Path:  D:\Keil\ARM\ARMCC\Bin
C Compiler:      Armcc.exe V5.06 update 6 (build 750)
Assembler:       Armasm.exe V5.06 update 6 (build 750)
Linker/Locator:  ArmLink.exe V5.06 update 6 (build 750)
Library Manager: ArmAr.exe V5.06 update 6 (build 750)
Hex Converter:   FromElf.exe V5.06 update 6 (build 750)
CPU DLL:         SARMCM3.DLL V5.26.2.0
Dialog DLL:      DCM.DLL V1.17.2.0
Target DLL:      STLink\ST-LINKIII-KEIL_SWO.dll V3.0.5.0
Dialog DLL:      TCM.DLL V1.36.1.0
 
<h2>Project:</h2>
D:\BBD3\MDK-ARM\BBD3.uvprojx
Project File Date:  05/26/2019

<h2>Output:</h2>
*** Using Compiler 'V5.06 update 6 (build 750)', folder: 'D:\Keil\ARM\ARMCC\Bin'
Rebuild target 'BBD3'
assembling startup_stm32f302xc.s...
compiling gpio.c...
compiling crc.c...
compiling can.c...
compiling usb.c...
compiling rtc.c...
compiling usart.c...
compiling spi.c...
compiling i2c.c...
compiling main.c...
compiling freertos.c...
compiling stm32f3xx_it.c...
compiling stm32f3xx_hal_timebase_tim.c...
compiling stm32f3xx_hal_msp.c...
compiling stm32f3xx_hal_crc.c...
compiling stm32f3xx_hal_i2c_ex.c...
compiling stm32f3xx_hal_crc_ex.c...
compiling stm32f3xx_hal_can.c...
compiling stm32f3xx_hal_rtc.c...
compiling stm32f3xx_hal_spi_ex.c...
compiling stm32f3xx_hal_rtc_ex.c...
compiling stm32f3xx_hal_spi.c...
compiling stm32f3xx_hal_i2c.c...
compiling stm32f3xx_hal_uart_ex.c...
compiling stm32f3xx_hal_pcd_ex.c...
compiling stm32f3xx_hal_pcd.c...
compiling stm32f3xx_hal.c...
compiling stm32f3xx_hal_uart.c...
compiling stm32f3xx_hal_tim_ex.c...
compiling stm32f3xx_hal_rcc_ex.c...
compiling stm32f3xx_hal_gpio.c...
compiling stm32f3xx_hal_rcc.c...
compiling croutine.c...
compiling stm32f3xx_hal_dma.c...
compiling list.c...
compiling event_groups.c...
compiling timers.c...
compiling queue.c...
compiling heap_4.c...
compiling stm32f3xx_hal_cortex.c...
compiling tasks.c...
compiling buffer_api.c...
compiling port.c...
compiling cmsis_os.c...
compiling stm32f3xx_hal_pwr.c...
compiling message_queue_api.c...
compiling stm32f3xx_hal_tim.c...
compiling stm32f3xx_hal_pwr_ex.c...
compiling mpu9250_api.c...
compiling MahonyAHRS.c...
compiling stm32f3xx_hal_flash.c...
compiling system_stm32f3xx.c...
compiling stm32f3xx_hal_flash_ex.c...
compiling error_handling_api.c...
compiling uart_api.c...
compiling spi_api.c...
linking...
Program Size: Code=30088 RO-data=616 RW-data=308 ZI-data=13388  
FromELF: creating hex file...
"BBD3\BBD3.axf" - 0 Error(s), 0 Warning(s).

<h2>Software Packages used:</h2>

Package Vendor: ARM
                http://www.keil.com/pack/ARM.CMSIS.5.4.0.pack
                ARM.CMSIS.5.4.0
                CMSIS (Cortex Microcontroller Software Interface Standard)
   * Component: CORE Version: 5.1.2

Package Vendor: Keil
                http://www.keil.com/pack/Keil.STM32F3xx_DFP.2.1.0.pack
                Keil.STM32F3xx_DFP.2.1.0
                STMicroelectronics STM32F3 Series Device Support and Examples

<h2>Collection of Component include folders:</h2>
  .\RTE\_BBD3
  D:\Keil\ARM\PACK\ARM\CMSIS\5.4.0\CMSIS\Core\Include
  D:\Keil\ARM\PACK\Keil\STM32F3xx_DFP\2.1.0\Drivers\CMSIS\Device\ST\STM32F3xx\Include

<h2>Collection of Component Files used:</h2>

   * Component: ARM::CMSIS:CORE:5.1.2
Build Time Elapsed:  00:00:10
</pre>
</body>
</html>
