Component: ARM Compiler 5.06 update 6 (build 750) Tool: armlink [4d35ed]

==============================================================================

Section Cross References

    startup_stm32f302xc.o(RESET) refers to startup_stm32f302xc.o(STACK) for __initial_sp
    startup_stm32f302xc.o(RESET) refers to startup_stm32f302xc.o(.text) for Reset_Handler
    startup_stm32f302xc.o(RESET) refers to stm32f3xx_it.o(i.NMI_Handler) for NMI_Handler
    startup_stm32f302xc.o(RESET) refers to stm32f3xx_it.o(i.HardFault_Handler) for HardFault_Handler
    startup_stm32f302xc.o(RESET) refers to stm32f3xx_it.o(i.MemManage_Handler) for MemManage_Handler
    startup_stm32f302xc.o(RESET) refers to stm32f3xx_it.o(i.BusFault_Handler) for BusFault_Handler
    startup_stm32f302xc.o(RESET) refers to stm32f3xx_it.o(i.UsageFault_Handler) for UsageFault_Handler
    startup_stm32f302xc.o(RESET) refers to port.o(.emb_text) for SVC_Handler
    startup_stm32f302xc.o(RESET) refers to stm32f3xx_it.o(i.DebugMon_Handler) for DebugMon_Handler
    startup_stm32f302xc.o(RESET) refers to port.o(i.SysTick_Handler) for SysTick_Handler
    startup_stm32f302xc.o(RESET) refers to stm32f3xx_it.o(i.EXTI3_IRQHandler) for EXTI3_IRQHandler
    startup_stm32f302xc.o(RESET) refers to stm32f3xx_it.o(i.USB_HP_CAN_TX_IRQHandler) for USB_HP_CAN_TX_IRQHandler
    startup_stm32f302xc.o(RESET) refers to stm32f3xx_it.o(i.CAN_RX1_IRQHandler) for CAN_RX1_IRQHandler
    startup_stm32f302xc.o(RESET) refers to stm32f3xx_it.o(i.CAN_SCE_IRQHandler) for CAN_SCE_IRQHandler
    startup_stm32f302xc.o(RESET) refers to stm32f3xx_it.o(i.TIM1_UP_TIM16_IRQHandler) for TIM1_UP_TIM16_IRQHandler
    startup_stm32f302xc.o(RESET) refers to stm32f3xx_it.o(i.I2C1_EV_IRQHandler) for I2C1_EV_IRQHandler
    startup_stm32f302xc.o(RESET) refers to stm32f3xx_it.o(i.I2C1_ER_IRQHandler) for I2C1_ER_IRQHandler
    startup_stm32f302xc.o(RESET) refers to stm32f3xx_it.o(i.SPI1_IRQHandler) for SPI1_IRQHandler
    startup_stm32f302xc.o(RESET) refers to stm32f3xx_it.o(i.SPI2_IRQHandler) for SPI2_IRQHandler
    startup_stm32f302xc.o(RESET) refers to stm32f3xx_it.o(i.USART1_IRQHandler) for USART1_IRQHandler
    startup_stm32f302xc.o(RESET) refers to stm32f3xx_it.o(i.USART3_IRQHandler) for USART3_IRQHandler
    startup_stm32f302xc.o(.text) refers to system_stm32f3xx.o(i.SystemInit) for SystemInit
    startup_stm32f302xc.o(.text) refers to entry.o(.ARM.Collect$$$$00000000) for __main
    main.o(i.HAL_TIM_PeriodElapsedCallback) refers to stm32f3xx_hal.o(i.HAL_IncTick) for HAL_IncTick
    main.o(i.SystemClock_Config) refers to memseta.o(.text) for __aeabi_memclr4
    main.o(i.SystemClock_Config) refers to stm32f3xx_hal_rcc.o(i.HAL_RCC_OscConfig) for HAL_RCC_OscConfig
    main.o(i.SystemClock_Config) refers to stm32f3xx_hal_rcc.o(i.HAL_RCC_ClockConfig) for HAL_RCC_ClockConfig
    main.o(i.SystemClock_Config) refers to stm32f3xx_hal_rcc_ex.o(i.HAL_RCCEx_PeriphCLKConfig) for HAL_RCCEx_PeriphCLKConfig
    main.o(i.main) refers to stm32f3xx_hal.o(i.HAL_Init) for HAL_Init
    main.o(i.main) refers to main.o(i.SystemClock_Config) for SystemClock_Config
    main.o(i.main) refers to gpio.o(i.MX_GPIO_Init) for MX_GPIO_Init
    main.o(i.main) refers to rtc.o(i.MX_RTC_Init) for MX_RTC_Init
    main.o(i.main) refers to usart.o(i.MX_USART1_UART_Init) for MX_USART1_UART_Init
    main.o(i.main) refers to usart.o(i.MX_USART3_UART_Init) for MX_USART3_UART_Init
    main.o(i.main) refers to spi.o(i.MX_SPI1_Init) for MX_SPI1_Init
    main.o(i.main) refers to spi.o(i.MX_SPI2_Init) for MX_SPI2_Init
    main.o(i.main) refers to usb.o(i.MX_USB_PCD_Init) for MX_USB_PCD_Init
    main.o(i.main) refers to can.o(i.MX_CAN_Init) for MX_CAN_Init
    main.o(i.main) refers to crc.o(i.MX_CRC_Init) for MX_CRC_Init
    main.o(i.main) refers to i2c.o(i.MX_I2C1_Init) for MX_I2C1_Init
    main.o(i.main) refers to stm32f3xx_hal_gpio.o(i.HAL_GPIO_WritePin) for HAL_GPIO_WritePin
    main.o(i.main) refers to error_handling_api.o(i.ClearErrorLed) for ClearErrorLed
    main.o(i.main) refers to uart_api.o(i.InitializeUartInterrupts) for InitializeUartInterrupts
    main.o(i.main) refers to freertos.o(i.MX_FREERTOS_Init) for MX_FREERTOS_Init
    main.o(i.main) refers to cmsis_os.o(i.osKernelStart) for osKernelStart
    gpio.o(i.MX_GPIO_Init) refers to memseta.o(.text) for __aeabi_memclr4
    gpio.o(i.MX_GPIO_Init) refers to stm32f3xx_hal_gpio.o(i.HAL_GPIO_WritePin) for HAL_GPIO_WritePin
    gpio.o(i.MX_GPIO_Init) refers to stm32f3xx_hal_gpio.o(i.HAL_GPIO_Init) for HAL_GPIO_Init
    gpio.o(i.MX_GPIO_Init) refers to stm32f3xx_hal_cortex.o(i.HAL_NVIC_SetPriority) for HAL_NVIC_SetPriority
    gpio.o(i.MX_GPIO_Init) refers to stm32f3xx_hal_cortex.o(i.HAL_NVIC_EnableIRQ) for HAL_NVIC_EnableIRQ
    can.o(i.HAL_CAN_MspDeInit) refers to stm32f3xx_hal_gpio.o(i.HAL_GPIO_DeInit) for HAL_GPIO_DeInit
    can.o(i.HAL_CAN_MspDeInit) refers to stm32f3xx_hal_cortex.o(i.HAL_NVIC_DisableIRQ) for HAL_NVIC_DisableIRQ
[...]
    i.printQuaternion                        0x080063d0   Section        0  mahonyahrs.o(i.printQuaternion)
    i.prvAddCurrentTaskToDelayedList         0x08006454   Section        0  tasks.o(i.prvAddCurrentTaskToDelayedList)
    prvAddCurrentTaskToDelayedList           0x08006455   Thumb Code   102  tasks.o(i.prvAddCurrentTaskToDelayedList)
    i.prvAddNewTaskToReadyList               0x080064c4   Section        0  tasks.o(i.prvAddNewTaskToReadyList)
    prvAddNewTaskToReadyList                 0x080064c5   Thumb Code   194  tasks.o(i.prvAddNewTaskToReadyList)
    i.prvCheckTasksWaitingTermination        0x08006594   Section        0  tasks.o(i.prvCheckTasksWaitingTermination)
    prvCheckTasksWaitingTermination          0x08006595   Thumb Code    70  tasks.o(i.prvCheckTasksWaitingTermination)
    i.prvCopyDataFromQueue                   0x080065e4   Section        0  queue.o(i.prvCopyDataFromQueue)
    prvCopyDataFromQueue                     0x080065e5   Thumb Code    38  queue.o(i.prvCopyDataFromQueue)
    i.prvCopyDataToQueue                     0x0800660a   Section        0  queue.o(i.prvCopyDataToQueue)
    prvCopyDataToQueue                       0x0800660b   Thumb Code   108  queue.o(i.prvCopyDataToQueue)
    i.prvDeleteTCB                           0x08006676   Section        0  tasks.o(i.prvDeleteTCB)
    prvDeleteTCB                             0x08006677   Thumb Code    20  tasks.o(i.prvDeleteTCB)
    i.prvHeapInit                            0x0800668c   Section        0  heap_4.o(i.prvHeapInit)
    prvHeapInit                              0x0800668d   Thumb Code    64  heap_4.o(i.prvHeapInit)
    i.prvIdleTask                            0x080066d4   Section        0  tasks.o(i.prvIdleTask)
    prvIdleTask                              0x080066d5   Thumb Code    30  tasks.o(i.prvIdleTask)
    i.prvInitialiseNewTask                   0x080066fc   Section        0  tasks.o(i.prvInitialiseNewTask)
    prvInitialiseNewTask                     0x080066fd   Thumb Code   142  tasks.o(i.prvInitialiseNewTask)
    i.prvInsertBlockIntoFreeList             0x0800678c   Section        0  heap_4.o(i.prvInsertBlockIntoFreeList)
    prvInsertBlockIntoFreeList               0x0800678d   Thumb Code    72  heap_4.o(i.prvInsertBlockIntoFreeList)
    i.prvIsQueueEmpty                        0x080067d8   Section        0  queue.o(i.prvIsQueueEmpty)
    prvIsQueueEmpty                          0x080067d9   Thumb Code    28  queue.o(i.prvIsQueueEmpty)
    i.prvResetNextTaskUnblockTime            0x080067f4   Section        0  tasks.o(i.prvResetNextTaskUnblockTime)
    prvResetNextTaskUnblockTime              0x080067f5   Thumb Code    26  tasks.o(i.prvResetNextTaskUnblockTime)
    i.prvTaskExitError                       0x08006814   Section        0  port.o(i.prvTaskExitError)
    prvTaskExitError                         0x08006815   Thumb Code    36  port.o(i.prvTaskExitError)
    i.prvUnlockQueue                         0x0800683c   Section        0  queue.o(i.prvUnlockQueue)
    prvUnlockQueue                           0x0800683d   Thumb Code   106  queue.o(i.prvUnlockQueue)
    i.pvPortMalloc                           0x080068a8   Section        0  heap_4.o(i.pvPortMalloc)
    i.pvTaskIncrementMutexHeldCount          0x08006980   Section        0  tasks.o(i.pvTaskIncrementMutexHeldCount)
    i.pxPortInitialiseStack                  0x08006998   Section        0  port.o(i.pxPortInitialiseStack)
    i.uxListRemove                           0x080069c4   Section        0  list.o(i.uxListRemove)
    i.uxQueueMessagesWaitingFromISR          0x080069e8   Section        0  queue.o(i.uxQueueMessagesWaitingFromISR)
    i.vListInitialise                        0x080069fe   Section        0  list.o(i.vListInitialise)
    i.vListInitialiseItem                    0x08006a14   Section        0  list.o(i.vListInitialiseItem)
    i.vListInsert                            0x08006a1a   Section        0  list.o(i.vListInsert)
    i.vListInsertEnd                         0x08006a4a   Section        0  list.o(i.vListInsertEnd)
    i.vPortEnterCritical                     0x08006a64   Section        0  port.o(i.vPortEnterCritical)
    i.vPortExitCritical                      0x08006aa4   Section        0  port.o(i.vPortExitCritical)
    i.vPortFree                              0x08006acc   Section        0  heap_4.o(i.vPortFree)
    i.vPortSetupTimerInterrupt               0x08006b28   Section        0  port.o(i.vPortSetupTimerInterrupt)
    i.vPortValidateInterruptPriority         0x08006b48   Section        0  port.o(i.vPortValidateInterruptPriority)
    i.vTaskDelay                             0x08006b9c   Section        0  tasks.o(i.vTaskDelay)
    i.vTaskMissedYield                       0x08006be8   Section        0  tasks.o(i.vTaskMissedYield)
    i.vTaskPlaceOnEventList                  0x08006bf4   Section        0  tasks.o(i.vTaskPlaceOnEventList)
    i.vTaskPriorityInherit                   0x08006c24   Section        0  tasks.o(i.vTaskPriorityInherit)
    i.vTaskSetTimeOutState                   0x08006ca8   Section        0  tasks.o(i.vTaskSetTimeOutState)
    i.vTaskStartScheduler                    0x08006ccc   Section        0  tasks.o(i.vTaskStartScheduler)
    i.vTaskSuspendAll                        0x08006d34   Section        0  tasks.o(i.vTaskSuspendAll)
    i.vTaskSwitchContext                     0x08006d44   Section        0  tasks.o(i.vTaskSwitchContext)
    i.xPortStartScheduler                    0x08006da0   Section        0  port.o(i.xPortStartScheduler)
    i.xQueueCreateMutex                      0x08006e80   Section        0  queue.o(i.xQueueCreateMutex)
    i.xQueueGenericCreate                    0x08006ea4   Section        0  queue.o(i.xQueueGenericCreate)
    i.xQueueGenericReceive                   0x08006eec   Section        0  queue.o(i.xQueueGenericReceive)
    i.xQueueGenericReset                     0x08007058   Section        0  queue.o(i.xQueueGenericReset)
    i.xQueueGenericSend                      0x080070e0   Section        0  queue.o(i.xQueueGenericSend)
    i.xQueueGenericSendFromISR               0x08007240   Section        0  queue.o(i.xQueueGenericSendFromISR)
    i.xQueueReceiveFromISR                   0x080072fc   Section        0  queue.o(i.xQueueReceiveFromISR)
    i.xTaskCheckForTimeOut                   0x08007398   Section        0  tasks.o(i.xTaskCheckForTimeOut)
    i.xTaskCreate                            0x08007404   Section        0  tasks.o(i.xTaskCreate)
    i.xTaskGetSchedulerState                 0x0800745c   Section        0  tasks.o(i.xTaskGetSchedulerState)
    i.xTaskIncrementTick                     0x08007478   Section        0  tasks.o(i.xTaskIncrementTick)
    i.xTaskPriorityDisinherit                0x08007540   Section        0  tasks.o(i.xTaskPriorityDisinherit)
    i.xTaskRemoveFromEventList               0x080075d8   Section        0  tasks.o(i.xTaskRemoveFromEventList)
    i.xTaskResumeAll                         0x0800764c   Section        0  tasks.o(i.xTaskResumeAll)
    .constdata                               0x08007710   Section       20  freertos.o(.constdata)
    .constdata                               0x08007724   Section       32  stm32f3xx_hal_rcc.o(.constdata)
    .constdata                               0x08007744   Section       16  system_stm32f3xx.o(.constdata)
    .constdata                               0x08007754   Section        8  system_stm32f3xx.o(.constdata)
    .constdata                               0x0800775c   Section       26  message_queue_api.o(.constdata)
    __func__                                 0x0800775e   Data          24  message_queue_api.o(.constdata)
    .conststring                             0x08007778   Section       12  freertos.o(.conststring)
    .conststring                             0x08007784   Section       75  mpu9250_api.o(.conststring)
    .data                                    0x20000000   Section        4  freertos.o(.data)
    .data                                    0x20000004   Section       12  stm32f3xx_hal.o(.data)
    .data                                    0x20000010   Section        4  system_stm32f3xx.o(.data)
    .data                                    0x20000014   Section       60  tasks.o(.data)
    uxDeletedTasksWaitingCleanUp             0x20000018   Data           4  tasks.o(.data)
    uxCurrentNumberOfTasks                   0x2000001c   Data           4  tasks.o(.data)
    xTickCount                               0x20000020   Data           4  tasks.o(.data)
    uxTopReadyPriority                       0x20000024   Data           4  tasks.o(.data)
    xSchedulerRunning                        0x20000028   Data           4  tasks.o(.data)
    uxPendedTicks                            0x2000002c   Data           4  tasks.o(.data)
    xYieldPending                            0x20000030   Data           4  tasks.o(.data)
    xNumOfOverflows                          0x20000034   Data           4  tasks.o(.data)
    uxTaskNumber                             0x20000038   Data           4  tasks.o(.data)
    xNextTaskUnblockTime                     0x2000003c   Data           4  tasks.o(.data)
    xIdleTaskHandle                          0x20000040   Data           4  tasks.o(.data)
    uxSchedulerSuspended                     0x20000044   Data           4  tasks.o(.data)
    pxDelayedTaskList                        0x20000048   Data           4  tasks.o(.data)
    pxOverflowDelayedTaskList                0x2000004c   Data           4  tasks.o(.data)
    .data                                    0x20000050   Section       24  heap_4.o(.data)
    pxEnd                                    0x20000050   Data           4  heap_4.o(.data)
    xFreeBytesRemaining                      0x20000054   Data           4  heap_4.o(.data)
    xMinimumEverFreeBytesRemaining           0x20000058   Data           4  heap_4.o(.data)
    xBlockAllocatedBit                       0x2000005c   Data           4  heap_4.o(.data)
    xStart                                   0x20000060   Data           8  heap_4.o(.data)
    .data                                    0x20000068   Section       12  port.o(.data)
    ucMaxSysCallPriority                     0x20000068   Data           1  port.o(.data)
    uxCriticalNesting                        0x2000006c   Data           4  port.o(.data)
    ulMaxPRIGROUPValue                       0x20000070   Data           4  port.o(.data)
    .data                                    0x20000074   Section       36  uart_api.o(.data)
    .data                                    0x20000098   Section       24  buffer_api.o(.data)
    .data                                    0x200000b0   Section       32  message_queue_api.o(.data)
    .data                                    0x200000d0   Section       60  spi_api.o(.data)
    .data                                    0x2000010c   Section       36  mahonyahrs.o(.data)
    .data                                    0x20000130   Section        4  errno.o(.data)
    _errno                                   0x20000130   Data           4  errno.o(.data)
    .bss                                     0x20000134   Section       40  can.o(.bss)
    .bss                                     0x2000015c   Section       36  crc.o(.bss)
    .bss                                     0x20000180   Section       76  i2c.o(.bss)
    .bss                                     0x200001cc   Section       32  rtc.o(.bss)
    .bss                                     0x200001ec   Section      200  spi.o(.bss)
    .bss                                     0x200002b4   Section      224  usart.o(.bss)
    .bss                                     0x20000394   Section      936  usb.o(.bss)
    .bss                                     0x2000073c   Section       64  stm32f3xx_hal_timebase_tim.o(.bss)
    .bss                                     0x2000077c   Section      240  tasks.o(.bss)
    pxReadyTasksLists                        0x2000077c   Data         140  tasks.o(.bss)
    xDelayedTaskList1                        0x20000808   Data          20  tasks.o(.bss)
    xDelayedTaskList2                        0x2000081c   Data          20  tasks.o(.bss)
    xPendingReadyList                        0x20000830   Data          20  tasks.o(.bss)
    xTasksWaitingTermination                 0x20000844   Data          20  tasks.o(.bss)
    xSuspendedTaskList                       0x20000858   Data          20  tasks.o(.bss)
    .bss                                     0x2000086c   Section    10000  heap_4.o(.bss)
    ucHeap                                   0x2000086c   Data       10000  heap_4.o(.bss)
    .bss                                     0x20002f7c   Section      256  buffer_api.o(.bss)
    g_Uart1RxBuffer                          0x20002f7c   Data         256  buffer_api.o(.bss)
    .bss                                     0x2000307c   Section      256  buffer_api.o(.bss)
    g_Uart1TxBuffer                          0x2000307c   Data         256  buffer_api.o(.bss)
    STACK                                    0x20003180   Section     1024  startup_stm32f302xc.o(STACK)

    Global Symbols

    Symbol Name                              Value     Ov Type        Size  Object(Section)

    BuildAttributes$$THM_ISAv4$E$P$D$K$B$S$7EM$VFPi3$EXTD16$VFPS$VFMA$PE$A:L22UL41UL21$X:L11$S22US41US21$IEEE1$IW$USESV6$~STKCKD$USESV7$~SHL$OTIME$ROPI$IEEEJ$EBA8$MICROLIB$REQ8$PRES8$EABIv2 0x00000000   Number         0  anon$$obj.o ABSOLUTE
    __ARM_use_no_argv                        0x00000000   Number         0  main.o ABSOLUTE
    __cpp_initialize__aeabi_                  - Undefined Weak Reference
    __cxa_finalize                            - Undefined Weak Reference
    _clock_init                               - Undefined Weak Reference
    _microlib_exit                            - Undefined Weak Reference
    __Vectors_Size                           0x00000188   Number         0  startup_stm32f302xc.o ABSOLUTE
    __Vectors                                0x08000000   Data           4  startup_stm32f302xc.o(RESET)
    __Vectors_End                            0x08000188   Data           0  startup_stm32f302xc.o(RESET)
    __main                                   0x08000189   Thumb Code     0  entry.o(.ARM.Collect$$$$00000000)
    _main_stk                                0x08000189   Thumb Code     0  entry2.o(.ARM.Collect$$$$00000001)
    _main_scatterload                        0x0800018d   Thumb Code     0  entry5.o(.ARM.Collect$$$$00000004)
    __main_after_scatterload                 0x08000191   Thumb Code     0  entry5.o(.ARM.Collect$$$$00000004)
    _main_clock                              0x08000191   Thumb Code     0  entry7b.o(.ARM.Collect$$$$00000008)
    _main_cpp_init                           0x08000191   Thumb Code     0  entry8b.o(.ARM.Collect$$$$0000000A)
    _main_init                               0x08000191   Thumb Code     0  entry9a.o(.ARM.Collect$$$$0000000B)
    __rt_final_cpp                           0x08000199   Thumb Code     0  entry10a.o(.ARM.Collect$$$$0000000D)
    __rt_final_exit                          0x08000199   Thumb Code     0  entry11a.o(.ARM.Collect$$$$0000000F)
    SVC_Handler                              0x0800019d   Thumb Code    28  port.o(.emb_text)
    __asm___6_port_c_39a90d8d__prvStartFirstTask 0x080001bd   Thumb Code    28  port.o(.emb_text)
    __asm___6_port_c_39a90d8d__prvEnableVFP  0x080001dd   Thumb Code    16  port.o(.emb_text)
    PendSV_Handler                           0x080001f1   Thumb Code    92  port.o(.emb_text)
    vPortGetIPSR                             0x08000251   Thumb Code     6  port.o(.emb_text)
    Reset_Handler                            0x08000259   Thumb Code     8  startup_stm32f302xc.o(.text)
    ADC1_2_IRQHandler                        0x08000273   Thumb Code     0  startup_stm32f302xc.o(.text)
    COMP1_2_IRQHandler                       0x08000273   Thumb Code     0  startup_stm32f302xc.o(.text)
    COMP4_6_IRQHandler                       0x08000273   Thumb Code     0  startup_stm32f302xc.o(.text)
    DMA1_Channel1_IRQHandler                 0x08000273   Thumb Code     0  startup_stm32f302xc.o(.text)
    DMA1_Channel2_IRQHandler                 0x08000273   Thumb Code     0  startup_stm32f302xc.o(.text)
    DMA1_Channel3_IRQHandler                 0x08000273   Thumb Code     0  startup_stm32f302xc.o(.text)
    DMA1_Channel4_IRQHandler                 0x08000273   Thumb Code     0  startup_stm32f302xc.o(.text)
    DMA1_Channel5_IRQHandler                 0x08000273   Thumb Code     0  startup_stm32f302xc.o(.text)
    DMA1_Channel6_IRQHandler                 0x08000273   Thumb Code     0  startup_stm32f302xc.o(.text)
    DMA1_Channel7_IRQHandler                 0x08000273   Thumb Code     0  startup_stm32f302xc.o(.text)
    DMA2_Channel1_IRQHandler                 0x08000273   Thumb Code     0  startup_stm32f302xc.o(.text)
    DMA2_Channel2_IRQHandler                 0x08000273   Thumb Code     0  startup_stm32f302xc.o(.text)
    DMA2_Channel3_IRQHandler                 0x08000273   Thumb Code     0  startup_stm32f302xc.o(.text)
    DMA2_Channel4_IRQHandler                 0x08000273   Thumb Code     0  startup_stm32f302xc.o(.text)
    DMA2_Channel5_IRQHandler                 0x08000273   Thumb Code     0  startup_stm32f302xc.o(.text)
    EXTI0_IRQHandler                         0x08000273   Thumb Code     0  startup_stm32f302xc.o(.text)
    EXTI15_10_IRQHandler                     0x08000273   Thumb Code     0  startup_stm32f302xc.o(.text)
    EXTI1_IRQHandler                         0x08000273   Thumb Code     0  startup_stm32f302xc.o(.text)
    EXTI2_TSC_IRQHandler                     0x08000273   Thumb Code     0  startup_stm32f302xc.o(.text)
    EXTI4_IRQHandler                         0x08000273   Thumb Code     0  startup_stm32f302xc.o(.text)
    EXTI9_5_IRQHandler                       0x08000273   Thumb Code     0  startup_stm32f302xc.o(.text)
    FLASH_IRQHandler                         0x08000273   Thumb Code     0  startup_stm32f302xc.o(.text)
    FPU_IRQHandler                           0x08000273   Thumb Code     0  startup_stm32f302xc.o(.text)
    I2C2_ER_IRQHandler                       0x08000273   Thumb Code     0  startup_stm32f302xc.o(.text)
    I2C2_EV_IRQHandler                       0x08000273   Thumb Code     0  startup_stm32f302xc.o(.text)
    PVD_IRQHandler                           0x08000273   Thumb Code     0  startup_stm32f302xc.o(.text)
    RCC_IRQHandler                           0x08000273   Thumb Code     0  startup_stm32f302xc.o(.text)
    RTC_Alarm_IRQHandler                     0x08000273   Thumb Code     0  startup_stm32f302xc.o(.text)
    RTC_WKUP_IRQHandler                      0x08000273   Thumb Code     0  startup_stm32f302xc.o(.text)
    SPI3_IRQHandler                          0x08000273   Thumb Code     0  startup_stm32f302xc.o(.text)
    TAMP_STAMP_IRQHandler                    0x08000273   Thumb Code     0  startup_stm32f302xc.o(.text)
    TIM1_BRK_TIM15_IRQHandler                0x08000273   Thumb Code     0  startup_stm32f302xc.o(.text)
    TIM1_CC_IRQHandler                       0x08000273   Thumb Code     0  startup_stm32f302xc.o(.text)
    TIM1_TRG_COM_TIM17_IRQHandler            0x08000273   Thumb Code     0  startup_stm32f302xc.o(.text)
    TIM2_IRQHandler                          0x08000273   Thumb Code     0  startup_stm32f302xc.o(.text)
    TIM3_IRQHandler                          0x08000273   Thumb Code     0  startup_stm32f302xc.o(.text)
    TIM4_IRQHandler                          0x08000273   Thumb Code     0  startup_stm32f302xc.o(.text)
    TIM6_DAC_IRQHandler                      0x08000273   Thumb Code     0  startup_stm32f302xc.o(.text)
    UART4_IRQHandler                         0x08000273   Thumb Code     0  startup_stm32f302xc.o(.text)
    UART5_IRQHandler                         0x08000273   Thumb Code     0  startup_stm32f302xc.o(.text)
    USART2_IRQHandler                        0x08000273   Thumb Code     0  startup_stm32f302xc.o(.text)
    USBWakeUp_IRQHandler                     0x08000273   Thumb Code     0  startup_stm32f302xc.o(.text)
    USBWakeUp_RMP_IRQHandler                 0x08000273   Thumb Code     0  startup_stm32f302xc.o(.text)
    USB_HP_IRQHandler                        0x08000273   Thumb Code     0  startup_stm32f302xc.o(.text)
    USB_LP_CAN_RX0_IRQHandler                0x08000273   Thumb Code     0  startup_stm32f302xc.o(.text)
    USB_LP_IRQHandler                        0x08000273   Thumb Code     0  startup_stm32f302xc.o(.text)
    WWDG_IRQHandler                          0x08000273   Thumb Code     0  startup_stm32f302xc.o(.text)
    __aeabi_llsr                             0x0800027d   Thumb Code    32  llushr.o(.text)
    _ll_ushift_r                             0x0800027d   Thumb Code     0  llushr.o(.text)
    __aeabi_memcpy                           0x0800029d   Thumb Code    36  memcpya.o(.text)
    __aeabi_memcpy4                          0x0800029d   Thumb Code     0  memcpya.o(.text)
    __aeabi_memcpy8                          0x0800029d   Thumb Code     0  memcpya.o(.text)
    __aeabi_memset                           0x080002c1   Thumb Code    14  memseta.o(.text)
    __aeabi_memset4                          0x080002c1   Thumb Code     0  memseta.o(.text)
    __aeabi_memset8                          0x080002c1   Thumb Code     0  memseta.o(.text)
    __aeabi_memclr                           0x080002cf   Thumb Code     4  memseta.o(.text)
    __aeabi_memclr4                          0x080002cf   Thumb Code     0  memseta.o(.text)
    __aeabi_memclr8                          0x080002cf   Thumb Code     0  memseta.o(.text)
    _memset$wrapper                          0x080002d3   Thumb Code    18  memseta.o(.text)
    strncpy                                  0x080002e5   Thumb Code    24  strncpy.o(.text)
    strchr                                   0x080002fd   Thumb Code    20  strchr.o(.text)
    __aeabi_dmul                             0x08000311   Thumb Code   228  dmul.o(.text)
    __aeabi_i2d                              0x080003f5   Thumb Code    34  dflti.o(.text)
    __aeabi_f2d                              0x08000417   Thumb Code    38  f2d.o(.text)
    __aeabi_d2f                              0x0800043d   Thumb Code    56  d2f.o(.text)
    __aeabi_uidiv                            0x08000475   Thumb Code     0  uidiv.o(.text)
    __aeabi_uidivmod                         0x08000475   Thumb Code    44  uidiv.o(.text)
    __aeabi_uldivmod                         0x080004a1   Thumb Code    98  uldiv.o(.text)
    __I$use$fp                               0x08000503   Thumb Code     0  iusefp.o(.text)
    _float_round                             0x08000503   Thumb Code    18  fepilogue.o(.text)
    _float_epilogue                          0x08000515   Thumb Code    92  fepilogue.o(.text)
    _double_round                            0x08000571   Thumb Code    30  depilogue.o(.text)
    _double_epilogue                         0x0800058f   Thumb Code   156  depilogue.o(.text)
    __aeabi_dadd                             0x0800062b   Thumb Code   322  dadd.o(.text)
    __aeabi_dsub                             0x0800076d   Thumb Code     6  dadd.o(.text)
    __aeabi_drsub                            0x08000773   Thumb Code     6  dadd.o(.text)
    __aeabi_ddiv                             0x08000779   Thumb Code   222  ddiv.o(.text)
    _dsqrt                                   0x08000857   Thumb Code   162  dsqrt.o(.text)
    __aeabi_d2ulz                            0x080008f9   Thumb Code    48  dfixul.o(.text)
    __aeabi_cdrcmple                         0x08000929   Thumb Code    48  cdrcmple.o(.text)
    __scatterload                            0x08000959   Thumb Code    28  init.o(.text)
    __scatterload_rt2                        0x08000959   Thumb Code     0  init.o(.text)
    __aeabi_llsl                             0x0800097d   Thumb Code    30  llshl.o(.text)
    _ll_shift_l                              0x0800097d   Thumb Code     0  llshl.o(.text)
    __aeabi_lasr                             0x0800099b   Thumb Code    36  llsshr.o(.text)
    _ll_sshift_r                             0x0800099b   Thumb Code     0  llsshr.o(.text)
    __decompress                             0x080009bf   Thumb Code     0  __dczerorl2.o(.text)
    __decompress1                            0x080009bf   Thumb Code    86  __dczerorl2.o(.text)
    BufferIsEmpty                            0x08000a15   Thumb Code    26  buffer_api.o(i.BufferIsEmpty)
    BufferWriteIndex_Get                     0x08000a35   Thumb Code    22  buffer_api.o(i.BufferWriteIndex_Get)
    BusFault_Handler                         0x08000a51   Thumb Code     2  stm32f3xx_it.o(i.BusFault_Handler)
    CAN_RX1_IRQHandler                       0x08000a55   Thumb Code     6  stm32f3xx_it.o(i.CAN_RX1_IRQHandler)
    CAN_SCE_IRQHandler                       0x08000a61   Thumb Code     6  stm32f3xx_it.o(i.CAN_SCE_IRQHandler)
    ClearErrorLed                            0x08000a6d   Thumb Code    10  error_handling_api.o(i.ClearErrorLed)
    DebugMon_Handler                         0x08000a7d   Thumb Code     2  stm32f3xx_it.o(i.DebugMon_Handler)
    DeselectSpiSlave                         0x08000a81   Thumb Code    50  spi_api.o(i.DeselectSpiSlave)
    EXTI3_IRQHandler                         0x08000ab9   Thumb Code     6  stm32f3xx_it.o(i.EXTI3_IRQHandler)
    Error_Handler                            0x08000abf   Thumb Code     2  main.o(i.Error_Handler)
    HAL_CAN_ErrorCallback                    0x08000ac1   Thumb Code     2  stm32f3xx_hal_can.o(i.HAL_CAN_ErrorCallback)
    HAL_CAN_IRQHandler                       0x08000ac3   Thumb Code   508  stm32f3xx_hal_can.o(i.HAL_CAN_IRQHandler)
    HAL_CAN_Init                             0x08000cc1   Thumb Code   634  stm32f3xx_hal_can.o(i.HAL_CAN_Init)
    HAL_CAN_MspInit                          0x08000f79   Thumb Code   138  can.o(i.HAL_CAN_MspInit)
    HAL_CAN_RxFifo0FullCallback              0x08001011   Thumb Code     2  stm32f3xx_hal_can.o(i.HAL_CAN_RxFifo0FullCallback)
    HAL_CAN_RxFifo0MsgPendingCallback        0x08001013   Thumb Code     2  stm32f3xx_hal_can.o(i.HAL_CAN_RxFifo0MsgPendingCallback)
    HAL_CAN_RxFifo1FullCallback              0x08001015   Thumb Code     2  stm32f3xx_hal_can.o(i.HAL_CAN_RxFifo1FullCallback)
    HAL_CAN_RxFifo1MsgPendingCallback        0x08001017   Thumb Code     2  stm32f3xx_hal_can.o(i.HAL_CAN_RxFifo1MsgPendingCallback)
    HAL_CAN_SleepCallback                    0x08001019   Thumb Code     2  stm32f3xx_hal_can.o(i.HAL_CAN_SleepCallback)
    HAL_CAN_TxMailbox0AbortCallback          0x0800101b   Thumb Code     2  stm32f3xx_hal_can.o(i.HAL_CAN_TxMailbox0AbortCallback)
    HAL_CAN_TxMailbox0CompleteCallback       0x0800101d   Thumb Code     2  stm32f3xx_hal_can.o(i.HAL_CAN_TxMailbox0CompleteCallback)
    HAL_CAN_TxMailbox1AbortCallback          0x0800101f   Thumb Code     2  stm32f3xx_hal_can.o(i.HAL_CAN_TxMailbox1AbortCallback)
    HAL_CAN_TxMailbox1CompleteCallback       0x08001021   Thumb Code     2  stm32f3xx_hal_can.o(i.HAL_CAN_TxMailbox1CompleteCallback)
    HAL_CAN_TxMailbox2AbortCallback          0x08001023   Thumb Code     2  stm32f3xx_hal_can.o(i.HAL_CAN_TxMailbox2AbortCallback)
    HAL_CAN_TxMailbox2CompleteCallback       0x08001025   Thumb Code     2  stm32f3xx_hal_can.o(i.HAL_CAN_TxMailbox2CompleteCallback)
    HAL_CAN_WakeUpFromRxMsgCallback          0x08001027   Thumb Code     2  stm32f3xx_hal_can.o(i.HAL_CAN_WakeUpFromRxMsgCallback)
    HAL_CRCEx_Polynomial_Set                 0x08001029   Thumb Code   108  stm32f3xx_hal_crc_ex.o(i.HAL_CRCEx_Polynomial_Set)
    HAL_CRC_Init                             0x080010d1   Thumb Code   226  stm32f3xx_hal_crc.o(i.HAL_CRC_Init)
    HAL_CRC_MspInit                          0x080011f5   Thumb Code    30  crc.o(i.HAL_CRC_MspInit)
    HAL_DMA_Abort_IT                         0x0800121d   Thumb Code    74  stm32f3xx_hal_dma.o(i.HAL_DMA_Abort_IT)
    HAL_GPIO_EXTI_Callback                   0x08001267   Thumb Code     2  stm32f3xx_hal_gpio.o(i.HAL_GPIO_EXTI_Callback)
    HAL_GPIO_EXTI_IRQHandler                 0x08001269   Thumb Code    18  stm32f3xx_hal_gpio.o(i.HAL_GPIO_EXTI_IRQHandler)
    HAL_GPIO_Init                            0x08001281   Thumb Code   584  stm32f3xx_hal_gpio.o(i.HAL_GPIO_Init)
    HAL_GPIO_WritePin                        0x0800153d   Thumb Code    44  stm32f3xx_hal_gpio.o(i.HAL_GPIO_WritePin)
    HAL_GetTick                              0x080015a5   Thumb Code     6  stm32f3xx_hal.o(i.HAL_GetTick)
    HAL_I2CEx_ConfigAnalogFilter             0x080015b1   Thumb Code   128  stm32f3xx_hal_i2c_ex.o(i.HAL_I2CEx_ConfigAnalogFilter)
    HAL_I2CEx_ConfigDigitalFilter            0x08001675   Thumb Code   120  stm32f3xx_hal_i2c_ex.o(i.HAL_I2CEx_ConfigDigitalFilter)
    HAL_I2C_AbortCpltCallback                0x08001731   Thumb Code     2  stm32f3xx_hal_i2c.o(i.HAL_I2C_AbortCpltCallback)
    HAL_I2C_AddrCallback                     0x08001733   Thumb Code     2  stm32f3xx_hal_i2c.o(i.HAL_I2C_AddrCallback)
    HAL_I2C_ER_IRQHandler                    0x08001735   Thumb Code    98  stm32f3xx_hal_i2c.o(i.HAL_I2C_ER_IRQHandler)
    HAL_I2C_EV_IRQHandler                    0x08001797   Thumb Code    16  stm32f3xx_hal_i2c.o(i.HAL_I2C_EV_IRQHandler)
    HAL_I2C_ErrorCallback                    0x080017a7   Thumb Code     2  stm32f3xx_hal_i2c.o(i.HAL_I2C_ErrorCallback)
    HAL_I2C_Init                             0x080017a9   Thumb Code   358  stm32f3xx_hal_i2c.o(i.HAL_I2C_Init)
    HAL_I2C_ListenCpltCallback               0x08001955   Thumb Code     2  stm32f3xx_hal_i2c.o(i.HAL_I2C_ListenCpltCallback)
    HAL_I2C_MspInit                          0x08001959   Thumb Code   150  i2c.o(i.HAL_I2C_MspInit)
    HAL_I2C_SlaveRxCpltCallback              0x080019fd   Thumb Code     2  stm32f3xx_hal_i2c.o(i.HAL_I2C_SlaveRxCpltCallback)
    HAL_I2C_SlaveTxCpltCallback              0x080019ff   Thumb Code     2  stm32f3xx_hal_i2c.o(i.HAL_I2C_SlaveTxCpltCallback)
    HAL_IncTick                              0x08001a01   Thumb Code    12  stm32f3xx_hal.o(i.HAL_IncTick)
    HAL_Init                                 0x08001a11   Thumb Code    32  stm32f3xx_hal.o(i.HAL_Init)
    HAL_InitTick                             0x08001a35   Thumb Code    98  stm32f3xx_hal_timebase_tim.o(i.HAL_InitTick)
    HAL_MspInit                              0x08001aa9   Thumb Code    48  stm32f3xx_hal_msp.o(i.HAL_MspInit)
    HAL_NVIC_EnableIRQ                       0x08001add   Thumb Code    36  stm32f3xx_hal_cortex.o(i.HAL_NVIC_EnableIRQ)
    HAL_NVIC_SetPriority                     0x08001b3d   Thumb Code    94  stm32f3xx_hal_cortex.o(i.HAL_NVIC_SetPriority)
    HAL_NVIC_SetPriorityGrouping             0x08001bdd   Thumb Code    58  stm32f3xx_hal_cortex.o(i.HAL_NVIC_SetPriorityGrouping)
    HAL_PCD_Init                             0x08001c5d   Thumb Code   182  stm32f3xx_hal_pcd.o(i.HAL_PCD_Init)
    HAL_PCD_MspInit                          0x08001d51   Thumb Code    92  usb.o(i.HAL_PCD_MspInit)
    HAL_RCCEx_PeriphCLKConfig                0x08001db5   Thumb Code   860  stm32f3xx_hal_rcc_ex.o(i.HAL_RCCEx_PeriphCLKConfig)
    HAL_RCC_ClockConfig                      0x0800215d   Thumb Code   506  stm32f3xx_hal_rcc.o(i.HAL_RCC_ClockConfig)
    HAL_RCC_GetClockConfig                   0x080023a1   Thumb Code    84  stm32f3xx_hal_rcc.o(i.HAL_RCC_GetClockConfig)
    HAL_RCC_GetPCLK1Freq                     0x08002435   Thumb Code    34  stm32f3xx_hal_rcc.o(i.HAL_RCC_GetPCLK1Freq)
    HAL_RCC_GetPCLK2Freq                     0x08002465   Thumb Code    34  stm32f3xx_hal_rcc.o(i.HAL_RCC_GetPCLK2Freq)
    HAL_RCC_GetSysClockFreq                  0x08002495   Thumb Code    88  stm32f3xx_hal_rcc.o(i.HAL_RCC_GetSysClockFreq)
    HAL_RCC_OscConfig                        0x080024fd   Thumb Code  1774  stm32f3xx_hal_rcc.o(i.HAL_RCC_OscConfig)
    HAL_RTC_Init                             0x08002bed   Thumb Code   296  stm32f3xx_hal_rtc.o(i.HAL_RTC_Init)
    HAL_RTC_MspInit                          0x08002d55   Thumb Code    32  rtc.o(i.HAL_RTC_MspInit)
    HAL_RTC_WaitForSynchro                   0x08002d7d   Thumb Code    54  stm32f3xx_hal_rtc.o(i.HAL_RTC_WaitForSynchro)
    HAL_SPI_Init                             0x08002db5   Thumb Code   512  stm32f3xx_hal_spi.o(i.HAL_SPI_Init)
    HAL_SPI_MspInit                          0x08002ff9   Thumb Code   178  spi.o(i.HAL_SPI_MspInit)
    HAL_TIMEx_Break2Callback                 0x080030bd   Thumb Code     2  stm32f3xx_hal_tim_ex.o(i.HAL_TIMEx_Break2Callback)
    HAL_TIMEx_BreakCallback                  0x080030bf   Thumb Code     2  stm32f3xx_hal_tim_ex.o(i.HAL_TIMEx_BreakCallback)
    HAL_TIMEx_CommutationCallback            0x080030c1   Thumb Code     2  stm32f3xx_hal_tim_ex.o(i.HAL_TIMEx_CommutationCallback)
    HAL_TIM_Base_Init                        0x080030c5   Thumb Code   180  stm32f3xx_hal_tim.o(i.HAL_TIM_Base_Init)
    HAL_TIM_Base_MspInit                     0x080031cd   Thumb Code     2  stm32f3xx_hal_tim.o(i.HAL_TIM_Base_MspInit)
    HAL_TIM_Base_Start_IT                    0x080031d1   Thumb Code    88  stm32f3xx_hal_tim.o(i.HAL_TIM_Base_Start_IT)
    HAL_TIM_IC_CaptureCallback               0x0800327d   Thumb Code     2  stm32f3xx_hal_tim.o(i.HAL_TIM_IC_CaptureCallback)
    HAL_TIM_IRQHandler                       0x0800327f   Thumb Code   388  stm32f3xx_hal_tim.o(i.HAL_TIM_IRQHandler)
    HAL_TIM_OC_DelayElapsedCallback          0x08003403   Thumb Code     2  stm32f3xx_hal_tim.o(i.HAL_TIM_OC_DelayElapsedCallback)
    HAL_TIM_PWM_PulseFinishedCallback        0x08003405   Thumb Code     2  stm32f3xx_hal_tim.o(i.HAL_TIM_PWM_PulseFinishedCallback)
    HAL_TIM_PeriodElapsedCallback            0x08003409   Thumb Code    14  main.o(i.HAL_TIM_PeriodElapsedCallback)
    HAL_TIM_TriggerCallback                  0x0800341d   Thumb Code     2  stm32f3xx_hal_tim.o(i.HAL_TIM_TriggerCallback)
    HAL_UART_Init                            0x08003421   Thumb Code   170  stm32f3xx_hal_uart.o(i.HAL_UART_Init)
    HAL_UART_MspInit                         0x0800351d   Thumb Code   180  usart.o(i.HAL_UART_MspInit)
    HandleSpiRxIRQ                           0x080035e1   Thumb Code    38  spi_api.o(i.HandleSpiRxIRQ)
    HandleSpiTxIRQ                           0x0800360d   Thumb Code    82  spi_api.o(i.HandleSpiTxIRQ)
    HandleUartRxIRQ                          0x08003665   Thumb Code    74  uart_api.o(i.HandleUartRxIRQ)
    HandleUartTxIRQ                          0x080036b5   Thumb Code    70  uart_api.o(i.HandleUartTxIRQ)
    HardFault_Handler                        0x08003701   Thumb Code     2  stm32f3xx_it.o(i.HardFault_Handler)
    I2C1_ER_IRQHandler                       0x08003705   Thumb Code     6  stm32f3xx_it.o(i.I2C1_ER_IRQHandler)
    I2C1_EV_IRQHandler                       0x08003711   Thumb Code     6  stm32f3xx_it.o(i.I2C1_EV_IRQHandler)
    InitializeMessageQueues                  0x08003be1   Thumb Code    54  message_queue_api.o(i.InitializeMessageQueues)
    InitializeSpiMutexes                     0x08003c49   Thumb Code    42  spi_api.o(i.InitializeSpiMutexes)
    InitializeUartInterrupts                 0x08003c79   Thumb Code    66  uart_api.o(i.InitializeUartInterrupts)
    InitializeUartMutexes                    0x08003cc1   Thumb Code    42  uart_api.o(i.InitializeUartMutexes)
    MX_CAN_Init                              0x08003cf1   Thumb Code    52  can.o(i.MX_CAN_Init)
    MX_CRC_Init                              0x08003d2d   Thumb Code    40  crc.o(i.MX_CRC_Init)
    MX_FREERTOS_Init                         0x08003d5d   Thumb Code    42  freertos.o(i.MX_FREERTOS_Init)
    MX_GPIO_Init                             0x08003d91   Thumb Code   240  gpio.o(i.MX_GPIO_Init)
    MX_I2C1_Init                             0x08003e91   Thumb Code    76  i2c.o(i.MX_I2C1_Init)
    MX_RTC_Init                              0x08003ee9   Thumb Code    44  rtc.o(i.MX_RTC_Init)
    MX_SPI1_Init                             0x08003f1d   Thumb Code    72  spi.o(i.MX_SPI1_Init)
    MX_SPI2_Init                             0x08003f6d   Thumb Code    70  spi.o(i.MX_SPI2_Init)
    MX_USART1_UART_Init                      0x08003fbd   Thumb Code    52  usart.o(i.MX_USART1_UART_Init)
    MX_USART3_UART_Init                      0x08003ff9   Thumb Code    52  usart.o(i.MX_USART3_UART_Init)
    MX_USB_PCD_Init                          0x08004035   Thumb Code    42  usb.o(i.MX_USB_PCD_Init)
    MahonyAHRSupdate                         0x08004069   Thumb Code   952  mahonyahrs.o(i.MahonyAHRSupdate)
    MahonyAHRSupdateIMU                      0x08004431   Thumb Code   558  mahonyahrs.o(i.MahonyAHRSupdateIMU)
    MemManage_Handler                        0x08004671   Thumb Code     2  stm32f3xx_it.o(i.MemManage_Handler)
    MessagesPresentInQueueFromISR            0x08004675   Thumb Code    26  message_queue_api.o(i.MessagesPresentInQueueFromISR)
    Mpu_ARead                                0x08004695   Thumb Code   156  mpu9250_api.o(i.Mpu_ARead)
    Mpu_Config                               0x08004751   Thumb Code   150  mpu9250_api.o(i.Mpu_Config)
    Mpu_ConvertData                          0x080047e9   Thumb Code   226  mpu9250_api.o(i.Mpu_ConvertData)
    Mpu_Detect                               0x080048e5   Thumb Code    44  mpu9250_api.o(i.Mpu_Detect)
    Mpu_GRead                                0x08004931   Thumb Code   156  mpu9250_api.o(i.Mpu_GRead)
    Mpu_ImuRead                              0x080049ed   Thumb Code    36  mpu9250_api.o(i.Mpu_ImuRead)
    Mpu_Init                                 0x08004a11   Thumb Code    22  mpu9250_api.o(i.Mpu_Init)
    Mpu_PrintData                            0x08004a29   Thumb Code   166  mpu9250_api.o(i.Mpu_PrintData)
    NMI_Handler                              0x08004ad5   Thumb Code     2  stm32f3xx_it.o(i.NMI_Handler)
    PrintToUart                              0x08004af9   Thumb Code   120  uart_api.o(i.PrintToUart)
    RTC_EnterInitMode                        0x08004b75   Thumb Code    58  stm32f3xx_hal_rtc.o(i.RTC_EnterInitMode)
    ReadByteFromBuffer                       0x08004bb1   Thumb Code    32  buffer_api.o(i.ReadByteFromBuffer)
    ReadIMU                                  0x08004bd5   Thumb Code    38  mpu9250_api.o(i.ReadIMU)
    ReceiveByteFromQueue                     0x08004bfd   Thumb Code    48  message_queue_api.o(i.ReceiveByteFromQueue)
    ReceiveByteFromQueueFromISR              0x08004c31   Thumb Code    46  message_queue_api.o(i.ReceiveByteFromQueueFromISR)
    ReportErrorToUart                        0x08004c65   Thumb Code    40  error_handling_api.o(i.ReportErrorToUart)
    RepportErrorByLed                        0x08004cb5   Thumb Code    10  error_handling_api.o(i.RepportErrorByLed)
    ReselectSpiSlave                         0x08004cc5   Thumb Code    74  spi_api.o(i.ReselectSpiSlave)
    SPI1_IRQHandler                          0x08004d15   Thumb Code    18  stm32f3xx_it.o(i.SPI1_IRQHandler)
    SPI2_IRQHandler                          0x08004d27   Thumb Code     2  stm32f3xx_it.o(i.SPI2_IRQHandler)
    SelectSpiSlave                           0x08004d29   Thumb Code    74  spi_api.o(i.SelectSpiSlave)
    SendByteToQueue                          0x08004d79   Thumb Code    48  message_queue_api.o(i.SendByteToQueue)
    SendByteToQueueFromISR                   0x08004dad   Thumb Code    48  message_queue_api.o(i.SendByteToQueueFromISR)
    SendMessageToQueueFromISR                0x08004de1   Thumb Code    60  message_queue_api.o(i.SendMessageToQueueFromISR)
    SpiDisable                               0x08004e21   Thumb Code    32  spi_api.o(i.SpiDisable)
    SpiEnable                                0x08004e45   Thumb Code    32  spi_api.o(i.SpiEnable)
    SpiReadRequest                           0x08004e69   Thumb Code    60  spi_api.o(i.SpiReadRequest)
    SpiReadSlaveRegister                     0x08004ea5   Thumb Code   140  spi_api.o(i.SpiReadSlaveRegister)
    SpiReceiveByte                           0x08004f35   Thumb Code    32  spi_api.o(i.SpiReceiveByte)
    SpiSendByte                              0x08004f59   Thumb Code    52  spi_api.o(i.SpiSendByte)
    SpiWriteRequest                          0x08004f91   Thumb Code   104  spi_api.o(i.SpiWriteRequest)
    SpiWriteSlaveRegister                    0x08005029   Thumb Code   140  spi_api.o(i.SpiWriteSlaveRegister)
    StartDefaultTask                         0x080050b9   Thumb Code    80  freertos.o(i.StartDefaultTask)
    SysTick_Handler                          0x08005169   Thumb Code    38  port.o(i.SysTick_Handler)
    SystemClock_Config                       0x08005195   Thumb Code   122  main.o(i.SystemClock_Config)
    SystemInit                               0x08005215   Thumb Code    82  system_stm32f3xx.o(i.SystemInit)
    TIM1_UP_TIM16_IRQHandler                 0x0800527d   Thumb Code     6  stm32f3xx_it.o(i.TIM1_UP_TIM16_IRQHandler)
    TIM_Base_SetConfig                       0x08005289   Thumb Code   126  stm32f3xx_hal_tim.o(i.TIM_Base_SetConfig)
    UART_AdvFeatureConfig                    0x08005321   Thumb Code   442  stm32f3xx_hal_uart.o(i.UART_AdvFeatureConfig)
    UART_CheckIdleState                      0x08005525   Thumb Code    92  stm32f3xx_hal_uart.o(i.UART_CheckIdleState)
    UART_SetConfig                           0x08005581   Thumb Code   626  stm32f3xx_hal_uart.o(i.UART_SetConfig)
    UART_WaitOnFlagUntilTimeout              0x08005855   Thumb Code   100  stm32f3xx_hal_uart.o(i.UART_WaitOnFlagUntilTimeout)
    USART1_IRQHandler                        0x080058b9   Thumb Code    18  stm32f3xx_it.o(i.USART1_IRQHandler)
    USART3_IRQHandler                        0x080058cb   Thumb Code     2  stm32f3xx_it.o(i.USART3_IRQHandler)
    USB_HP_CAN_TX_IRQHandler                 0x080058cd   Thumb Code     6  stm32f3xx_it.o(i.USB_HP_CAN_TX_IRQHandler)
    UsageFault_Handler                       0x080058d9   Thumb Code     2  stm32f3xx_it.o(i.UsageFault_Handler)
    WriteByteToBuffer                        0x080058dd   Thumb Code    48  buffer_api.o(i.WriteByteToBuffer)
    WriteMessageToBuffer                     0x08005919   Thumb Code    58  buffer_api.o(i.WriteMessageToBuffer)
    _ReportError                             0x08005959   Thumb Code    26  error_handling_api.o(i._ReportError)
    __0vsnprintf                             0x08005975   Thumb Code    40  printfa.o(i.__0vsnprintf)
    __1vsnprintf                             0x08005975   Thumb Code     0  printfa.o(i.__0vsnprintf)
    __2vsnprintf                             0x08005975   Thumb Code     0  printfa.o(i.__0vsnprintf)
    __c89vsnprintf                           0x08005975   Thumb Code     0  printfa.o(i.__0vsnprintf)
    vsnprintf                                0x08005975   Thumb Code     0  printfa.o(i.__0vsnprintf)
    __hardfp_sqrt                            0x080059a1   Thumb Code   122  sqrt.o(i.__hardfp_sqrt)
    __scatterload_copy                       0x08005a1b   Thumb Code    14  handlers.o(i.__scatterload_copy)
    __scatterload_null                       0x08005a29   Thumb Code     2  handlers.o(i.__scatterload_null)
    __scatterload_zeroinit                   0x08005a2b   Thumb Code    14  handlers.o(i.__scatterload_zeroinit)
    __set_errno                              0x08005a39   Thumb Code     6  errno.o(i.__set_errno)
    assert_failed                            0x0800630d   Thumb Code     2  main.o(i.assert_failed)
    invSqrt                                  0x08006311   Thumb Code    40  mahonyahrs.o(i.invSqrt)
    main                                     0x0800633d   Thumb Code    76  main.o(i.main)
    osKernelStart                            0x08006399   Thumb Code    10  cmsis_os.o(i.osKernelStart)
    osThreadCreate                           0x080063a3   Thumb Code    46  cmsis_os.o(i.osThreadCreate)
    printQuaternion                          0x080063d1   Thumb Code    96  mahonyahrs.o(i.printQuaternion)
    pvPortMalloc                             0x080068a9   Thumb Code   210  heap_4.o(i.pvPortMalloc)
    pvTaskIncrementMutexHeldCount            0x08006981   Thumb Code    18  tasks.o(i.pvTaskIncrementMutexHeldCount)
    pxPortInitialiseStack                    0x08006999   Thumb Code    40  port.o(i.pxPortInitialiseStack)
    uxListRemove                             0x080069c5   Thumb Code    36  list.o(i.uxListRemove)
    uxQueueMessagesWaitingFromISR            0x080069e9   Thumb Code    22  queue.o(i.uxQueueMessagesWaitingFromISR)
    vListInitialise                          0x080069ff   Thumb Code    22  list.o(i.vListInitialise)
    vListInitialiseItem                      0x08006a15   Thumb Code     6  list.o(i.vListInitialiseItem)
    vListInsert                              0x08006a1b   Thumb Code    48  list.o(i.vListInsert)
    vListInsertEnd                           0x08006a4b   Thumb Code    24  list.o(i.vListInsertEnd)
    vPortEnterCritical                       0x08006a65   Thumb Code    54  port.o(i.vPortEnterCritical)
    vPortExitCritical                        0x08006aa5   Thumb Code    34  port.o(i.vPortExitCritical)
    vPortFree                                0x08006acd   Thumb Code    88  heap_4.o(i.vPortFree)
    vPortSetupTimerInterrupt                 0x08006b29   Thumb Code    26  port.o(i.vPortSetupTimerInterrupt)
    vPortValidateInterruptPriority           0x08006b49   Thumb Code    74  port.o(i.vPortValidateInterruptPriority)
    vTaskDelay                               0x08006b9d   Thumb Code    66  tasks.o(i.vTaskDelay)
    vTaskMissedYield                         0x08006be9   Thumb Code     8  tasks.o(i.vTaskMissedYield)
    vTaskPlaceOnEventList                    0x08006bf5   Thumb Code    44  tasks.o(i.vTaskPlaceOnEventList)
    vTaskPriorityInherit                     0x08006c25   Thumb Code   124  tasks.o(i.vTaskPriorityInherit)
    vTaskSetTimeOutState                     0x08006ca9   Thumb Code    30  tasks.o(i.vTaskSetTimeOutState)
    vTaskStartScheduler                      0x08006ccd   Thumb Code    88  tasks.o(i.vTaskStartScheduler)
    vTaskSuspendAll                          0x08006d35   Thumb Code    10  tasks.o(i.vTaskSuspendAll)
    vTaskSwitchContext                       0x08006d45   Thumb Code    82  tasks.o(i.vTaskSwitchContext)
    xPortStartScheduler                      0x08006da1   Thumb Code   202  port.o(i.xPortStartScheduler)
    xQueueCreateMutex                        0x08006e81   Thumb Code    36  queue.o(i.xQueueCreateMutex)
    xQueueGenericCreate                      0x08006ea5   Thumb Code    72  queue.o(i.xQueueGenericCreate)
    xQueueGenericReceive                     0x08006eed   Thumb Code   360  queue.o(i.xQueueGenericReceive)
    xQueueGenericReset                       0x08007059   Thumb Code   132  queue.o(i.xQueueGenericReset)
    xQueueGenericSend                        0x080070e1   Thumb Code   346  queue.o(i.xQueueGenericSend)
    xQueueGenericSendFromISR                 0x08007241   Thumb Code   188  queue.o(i.xQueueGenericSendFromISR)
    xQueueReceiveFromISR                     0x080072fd   Thumb Code   154  queue.o(i.xQueueReceiveFromISR)
    xTaskCheckForTimeOut                     0x08007399   Thumb Code   102  tasks.o(i.xTaskCheckForTimeOut)
    xTaskCreate                              0x08007405   Thumb Code    86  tasks.o(i.xTaskCreate)
    xTaskGetSchedulerState                   0x0800745d   Thumb Code    22  tasks.o(i.xTaskGetSchedulerState)
    xTaskIncrementTick                       0x08007479   Thumb Code   192  tasks.o(i.xTaskIncrementTick)
    xTaskPriorityDisinherit                  0x08007541   Thumb Code   144  tasks.o(i.xTaskPriorityDisinherit)
    xTaskRemoveFromEventList                 0x080075d9   Thumb Code   108  tasks.o(i.xTaskRemoveFromEventList)
    xTaskResumeAll                           0x0800764d   Thumb Code   182  tasks.o(i.xTaskResumeAll)
    aPLLMULFactorTable                       0x08007724   Data          16  stm32f3xx_hal_rcc.o(.constdata)
    aPredivFactorTable                       0x08007734   Data          16  stm32f3xx_hal_rcc.o(.constdata)
    AHBPrescTable                            0x08007744   Data          16  system_stm32f3xx.o(.constdata)
    APBPrescTable                            0x08007754   Data           8  system_stm32f3xx.o(.constdata)
    Region$$Table$$Base                      0x080077d0   Number         0  anon$$obj.o(Region$$Table)
    Region$$Table$$Limit                     0x080077f0   Number         0  anon$$obj.o(Region$$Table)
    defaultTaskHandle                        0x20000000   Data           4  freertos.o(.data)
    uwTickFreq                               0x20000004   Data           1  stm32f3xx_hal.o(.data)
    uwTickPrio                               0x20000008   Data           4  stm32f3xx_hal.o(.data)
    uwTick                                   0x2000000c   Data           4  stm32f3xx_hal.o(.data)
    SystemCoreClock                          0x20000010   Data           4  system_stm32f3xx.o(.data)
    pxCurrentTCB                             0x20000014   Data           4  tasks.o(.data)
    UartDescriptor                           0x20000074   Data          36  uart_api.o(.data)
    sBufferController                        0x20000098   Data          24  buffer_api.o(.data)
    QueueDescriptor                          0x200000b0   Data          32  message_queue_api.o(.data)
    sSpiSlaveDescriptor                      0x200000d0   Data          24  spi_api.o(.data)
    SpiDescriptor                            0x200000e8   Data          36  spi_api.o(.data)
    twoKp                                    0x2000010c   Data           4  mahonyahrs.o(.data)
    twoKi                                    0x20000110   Data           4  mahonyahrs.o(.data)
    q0                                       0x20000114   Data           4  mahonyahrs.o(.data)
    q1                                       0x20000118   Data           4  mahonyahrs.o(.data)
    q2                                       0x2000011c   Data           4  mahonyahrs.o(.data)
    q3                                       0x20000120   Data           4  mahonyahrs.o(.data)
    integralFBx                              0x20000124   Data           4  mahonyahrs.o(.data)
    integralFBy                              0x20000128   Data           4  mahonyahrs.o(.data)
    integralFBz                              0x2000012c   Data           4  mahonyahrs.o(.data)
    hcan                                     0x20000134   Data          40  can.o(.bss)
    hcrc                                     0x2000015c   Data          36  crc.o(.bss)
    hi2c1                                    0x20000180   Data          76  i2c.o(.bss)
    hrtc                                     0x200001cc   Data          32  rtc.o(.bss)
    hspi1                                    0x200001ec   Data         100  spi.o(.bss)
    hspi2                                    0x20000250   Data         100  spi.o(.bss)
    huart1                                   0x200002b4   Data         112  usart.o(.bss)
    huart3                                   0x20000324   Data         112  usart.o(.bss)
    hpcd_USB_FS                              0x20000394   Data         936  usb.o(.bss)
    htim1                                    0x2000073c   Data          64  stm32f3xx_hal_timebase_tim.o(.bss)
    __initial_sp                             0x20003580   Data           0  startup_stm32f302xc.o(STACK)



==============================================================================

Memory Map of the image

  Image Entry point : 0x08000189

  Load Region LR_IROM1 (Base: 0x08000000, Size: 0x00007924, Max: 0x00040000, ABSOLUTE, COMPRESSED[0x0000783c])

    Execution Region ER_IROM1 (Exec base: 0x08000000, Load base: 0x08000000, Size: 0x000077f0, Max: 0x00040000, ABSOLUTE)

    Exec Addr    Load Addr    Size         Type   Attr      Idx    E Section Name        Object

    0x08000000   0x08000000   0x00000188   Data   RO            3    RESET               startup_stm32f302xc.o
    0x08000188   0x08000188   0x00000000   Code   RO         6546  * .ARM.Collect$$$$00000000  mc_w.l(entry.o)
    0x08000188   0x08000188   0x00000004   Code   RO         6597    .ARM.Collect$$$$00000001  mc_w.l(entry2.o)
    0x0800018c   0x0800018c   0x00000004   Code   RO         6600    .ARM.Collect$$$$00000004  mc_w.l(entry5.o)
    0x08000190   0x08000190   0x00000000   Code   RO         6602    .ARM.Collect$$$$00000008  mc_w.l(entry7b.o)
    0x08000190   0x08000190   0x00000000   Code   RO         6604    .ARM.Collect$$$$0000000A  mc_w.l(entry8b.o)
    0x08000190   0x08000190   0x00000008   Code   RO         6605    .ARM.Collect$$$$0000000B  mc_w.l(entry9a.o)
    0x08000198   0x08000198   0x00000000   Code   RO         6607    .ARM.Collect$$$$0000000D  mc_w.l(entry10a.o)
    0x08000198   0x08000198   0x00000000   Code   RO         6609    .ARM.Collect$$$$0000000F  mc_w.l(entry11a.o)
    0x08000198   0x08000198   0x00000004   Code   RO         6598    .ARM.Collect$$$$00002712  mc_w.l(entry2.o)
    0x0800019c   0x0800019c   0x000000ba   Code   RO         5982    .emb_text           port.o
    0x08000256   0x08000256   0x00000002   PAD
    0x08000258   0x08000258   0x00000024   Code   RO            4    .text               startup_stm32f302xc.o
    0x0800027c   0x0800027c   0x00000020   Code   RO         6549    .text               mc_w.l(llushr.o)
    0x0800029c   0x0800029c   0x00000024   Code   RO         6551    .text               mc_w.l(memcpya.o)
    0x080002c0   0x080002c0   0x00000024   Code   RO         6553    .text               mc_w.l(memseta.o)
    0x080002e4   0x080002e4   0x00000018   Code   RO         6555    .text               mc_w.l(strncpy.o)
    0x080002fc   0x080002fc   0x00000014   Code   RO         6557    .text               mc_w.l(strchr.o)
    0x08000310   0x08000310   0x000000e4   Code   RO         6589    .text               mf_w.l(dmul.o)
    0x080003f4   0x080003f4   0x00000022   Code   RO         6591    .text               mf_w.l(dflti.o)
    0x08000416   0x08000416   0x00000026   Code   RO         6593    .text               mf_w.l(f2d.o)
    0x0800043c   0x0800043c   0x00000038   Code   RO         6595    .text               mf_w.l(d2f.o)
    0x08000474   0x08000474   0x0000002c   Code   RO         6614    .text               mc_w.l(uidiv.o)
    0x080004a0   0x080004a0   0x00000062   Code   RO         6616    .text               mc_w.l(uldiv.o)
    0x08000502   0x08000502   0x00000000   Code   RO         6625    .text               mc_w.l(iusefp.o)
    0x08000502   0x08000502   0x0000006e   Code   RO         6626    .text               mf_w.l(fepilogue.o)
    0x08000570   0x08000570   0x000000ba   Code   RO         6628    .text               mf_w.l(depilogue.o)
    0x0800062a   0x0800062a   0x0000014e   Code   RO         6630    .text               mf_w.l(dadd.o)
    0x08000778   0x08000778   0x000000de   Code   RO         6632    .text               mf_w.l(ddiv.o)
    0x08000856   0x08000856   0x000000a2   Code   RO         6634    .text               mf_w.l(dsqrt.o)
    0x080008f8   0x080008f8   0x00000030   Code   RO         6636    .text               mf_w.l(dfixul.o)
    0x08000928   0x08000928   0x00000030   Code   RO         6640    .text               mf_w.l(cdrcmple.o)
    0x08000958   0x08000958   0x00000024   Code   RO         6642    .text               mc_w.l(init.o)
    0x0800097c   0x0800097c   0x0000001e   Code   RO         6645    .text               mc_w.l(llshl.o)
    0x0800099a   0x0800099a   0x00000024   Code   RO         6647    .text               mc_w.l(llsshr.o)
    0x080009be   0x080009be   0x00000056   Code   RO         6658    .text               mc_w.l(__dczerorl2.o)
    0x08000a14   0x08000a14   0x00000020   Code   RO         6126    i.BufferIsEmpty     buffer_api.o
    0x08000a34   0x08000a34   0x0000001c   Code   RO         6127    i.BufferWriteIndex_Get  buffer_api.o
    0x08000a50   0x08000a50   0x00000002   Code   RO          670    i.BusFault_Handler  stm32f3xx_it.o
    0x08000a52   0x08000a52   0x00000002   PAD
    0x08000a54   0x08000a54   0x0000000c   Code   RO          671    i.CAN_RX1_IRQHandler  stm32f3xx_it.o
    0x08000a60   0x08000a60   0x0000000c   Code   RO          672    i.CAN_SCE_IRQHandler  stm32f3xx_it.o
    0x08000a6c   0x08000a6c   0x00000010   Code   RO         6234    i.ClearErrorLed     error_handling_api.o
    0x08000a7c   0x08000a7c   0x00000002   Code   RO          673    i.DebugMon_Handler  stm32f3xx_it.o
    0x08000a7e   0x08000a7e   0x00000002   PAD
    0x08000a80   0x08000a80   0x00000038   Code   RO         6296    i.DeselectSpiSlave  spi_api.o
    0x08000ab8   0x08000ab8   0x00000006   Code   RO          674    i.EXTI3_IRQHandler  stm32f3xx_it.o
    0x08000abe   0x08000abe   0x00000002   Code   RO           13    i.Error_Handler     main.o
    0x08000ac0   0x08000ac0   0x00000002   Code   RO          863    i.HAL_CAN_ErrorCallback  stm32f3xx_hal_can.o
    0x08000ac2   0x08000ac2   0x000001fc   Code   RO          870    i.HAL_CAN_IRQHandler  stm32f3xx_hal_can.o
    0x08000cbe   0x08000cbe   0x00000002   PAD
    0x08000cc0   0x08000cc0   0x000002b8   Code   RO          871    i.HAL_CAN_Init      stm32f3xx_hal_can.o
    0x08000f78   0x08000f78   0x00000098   Code   RO          296    i.HAL_CAN_MspInit   can.o
    0x08001010   0x08001010   0x00000002   Code   RO          878    i.HAL_CAN_RxFifo0FullCallback  stm32f3xx_hal_can.o
    0x08001012   0x08001012   0x00000002   Code   RO          879    i.HAL_CAN_RxFifo0MsgPendingCallback  stm32f3xx_hal_can.o
    0x08001014   0x08001014   0x00000002   Code   RO          880    i.HAL_CAN_RxFifo1FullCallback  stm32f3xx_hal_can.o
    0x08001016   0x08001016   0x00000002   Code   RO          881    i.HAL_CAN_RxFifo1MsgPendingCallback  stm32f3xx_hal_can.o
    0x08001018   0x08001018   0x00000002   Code   RO          882    i.HAL_CAN_SleepCallback  stm32f3xx_hal_can.o
    0x0800101a   0x0800101a   0x00000002   Code   RO          885    i.HAL_CAN_TxMailbox0AbortCallback  stm32f3xx_hal_can.o
    0x0800101c   0x0800101c   0x00000002   Code   RO          886    i.HAL_CAN_TxMailbox0CompleteCallback  stm32f3xx_hal_can.o
    0x0800101e   0x0800101e   0x00000002   Code   RO          887    i.HAL_CAN_TxMailbox1AbortCallback  stm32f3xx_hal_can.o
    0x08001020   0x08001020   0x00000002   Code   RO          888    i.HAL_CAN_TxMailbox1CompleteCallback  stm32f3xx_hal_can.o
    0x08001022   0x08001022   0x00000002   Code   RO          889    i.HAL_CAN_TxMailbox2AbortCallback  stm32f3xx_hal_can.o
    0x08001024   0x08001024   0x00000002   Code   RO          890    i.HAL_CAN_TxMailbox2CompleteCallback  stm32f3xx_hal_can.o
    0x08001026   0x08001026   0x00000002   Code   RO          892    i.HAL_CAN_WakeUpFromRxMsgCallback  stm32f3xx_hal_can.o
    0x08001028   0x08001028   0x000000a8   Code   RO         1163    i.HAL_CRCEx_Polynomial_Set  stm32f3xx_hal_crc_ex.o
    0x080010d0   0x080010d0   0x00000124   Code   RO         1097    i.HAL_CRC_Init      stm32f3xx_hal_crc.o
    0x080011f4   0x080011f4   0x00000028   Code   RO          338    i.HAL_CRC_MspInit   crc.o
    0x0800121c   0x0800121c   0x0000004a   Code   RO         4381    i.HAL_DMA_Abort_IT  stm32f3xx_hal_dma.o
    0x08001266   0x08001266   0x00000002   Code   RO         4313    i.HAL_GPIO_EXTI_Callback  stm32f3xx_hal_gpio.o
    0x08001268   0x08001268   0x00000018   Code   RO         4314    i.HAL_GPIO_EXTI_IRQHandler  stm32f3xx_hal_gpio.o
    0x08001280   0x08001280   0x000002bc   Code   RO         4315    i.HAL_GPIO_Init     stm32f3xx_hal_gpio.o
    0x0800153c   0x0800153c   0x00000068   Code   RO         4319    i.HAL_GPIO_WritePin  stm32f3xx_hal_gpio.o
    0x080015a4   0x080015a4   0x0000000c   Code   RO         4002    i.HAL_GetTick       stm32f3xx_hal.o
    0x080015b0   0x080015b0   0x000000c4   Code   RO         1625    i.HAL_I2CEx_ConfigAnalogFilter  stm32f3xx_hal_i2c_ex.o
    0x08001674   0x08001674   0x000000bc   Code   RO         1626    i.HAL_I2CEx_ConfigDigitalFilter  stm32f3xx_hal_i2c_ex.o
    0x08001730   0x08001730   0x00000002   Code   RO         1197    i.HAL_I2C_AbortCpltCallback  stm32f3xx_hal_i2c.o
    0x08001732   0x08001732   0x00000002   Code   RO         1198    i.HAL_I2C_AddrCallback  stm32f3xx_hal_i2c.o
    0x08001734   0x08001734   0x00000062   Code   RO         1201    i.HAL_I2C_ER_IRQHandler  stm32f3xx_hal_i2c.o
    0x08001796   0x08001796   0x00000010   Code   RO         1202    i.HAL_I2C_EV_IRQHandler  stm32f3xx_hal_i2c.o
    0x080017a6   0x080017a6   0x00000002   Code   RO         1204    i.HAL_I2C_ErrorCallback  stm32f3xx_hal_i2c.o
    0x080017a8   0x080017a8   0x000001ac   Code   RO         1208    i.HAL_I2C_Init      stm32f3xx_hal_i2c.o
    0x08001954   0x08001954   0x00000002   Code   RO         1210    i.HAL_I2C_ListenCpltCallback  stm32f3xx_hal_i2c.o
    0x08001956   0x08001956   0x00000002   PAD
    0x08001958   0x08001958   0x000000a4   Code   RO          449    i.HAL_I2C_MspInit   i2c.o
    0x080019fc   0x080019fc   0x00000002   Code   RO         1232    i.HAL_I2C_SlaveRxCpltCallback  stm32f3xx_hal_i2c.o
    0x080019fe   0x080019fe   0x00000002   Code   RO         1233    i.HAL_I2C_SlaveTxCpltCallback  stm32f3xx_hal_i2c.o
    0x08001a00   0x08001a00   0x00000010   Code   RO         4008    i.HAL_IncTick       stm32f3xx_hal.o
    0x08001a10   0x08001a10   0x00000024   Code   RO         4009    i.HAL_Init          stm32f3xx_hal.o
    0x08001a34   0x08001a34   0x00000074   Code   RO          818    i.HAL_InitTick      stm32f3xx_hal_timebase_tim.o
    0x08001aa8   0x08001aa8   0x00000034   Code   RO          794    i.HAL_MspInit       stm32f3xx_hal_msp.o
    0x08001adc   0x08001adc   0x00000060   Code   RO         4483    i.HAL_NVIC_EnableIRQ  stm32f3xx_hal_cortex.o
    0x08001b3c   0x08001b3c   0x000000a0   Code   RO         4489    i.HAL_NVIC_SetPriority  stm32f3xx_hal_cortex.o
    0x08001bdc   0x08001bdc   0x00000080   Code   RO         4490    i.HAL_NVIC_SetPriorityGrouping  stm32f3xx_hal_cortex.o
    0x08001c5c   0x08001c5c   0x000000f4   Code   RO         3756    i.HAL_PCD_Init      stm32f3xx_hal_pcd.o
    0x08001d50   0x08001d50   0x00000064   Code   RO          629    i.HAL_PCD_MspInit   usb.o
    0x08001db4   0x08001db4   0x000003a8   Code   RO         4272    i.HAL_RCCEx_PeriphCLKConfig  stm32f3xx_hal_rcc_ex.o
    0x0800215c   0x0800215c   0x00000244   Code   RO         4166    i.HAL_RCC_ClockConfig  stm32f3xx_hal_rcc.o
    0x080023a0   0x080023a0   0x00000094   Code   RO         4170    i.HAL_RCC_GetClockConfig  stm32f3xx_hal_rcc.o
    0x08002434   0x08002434   0x00000030   Code   RO         4173    i.HAL_RCC_GetPCLK1Freq  stm32f3xx_hal_rcc.o
    0x08002464   0x08002464   0x00000030   Code   RO         4174    i.HAL_RCC_GetPCLK2Freq  stm32f3xx_hal_rcc.o
    0x08002494   0x08002494   0x00000068   Code   RO         4175    i.HAL_RCC_GetSysClockFreq  stm32f3xx_hal_rcc.o
    0x080024fc   0x080024fc   0x000006ee   Code   RO         4178    i.HAL_RCC_OscConfig  stm32f3xx_hal_rcc.o
    0x08002bea   0x08002bea   0x00000002   PAD
    0x08002bec   0x08002bec   0x00000168   Code   RO         1687    i.HAL_RTC_Init      stm32f3xx_hal_rtc.o
    0x08002d54   0x08002d54   0x00000028   Code   RO          491    i.HAL_RTC_MspInit   rtc.o
    0x08002d7c   0x08002d7c   0x00000036   Code   RO         1695    i.HAL_RTC_WaitForSynchro  stm32f3xx_hal_rtc.o
    0x08002db2   0x08002db2   0x00000002   PAD
    0x08002db4   0x08002db4   0x00000244   Code   RO         2055    i.HAL_SPI_Init      stm32f3xx_hal_spi.o
    0x08002ff8   0x08002ff8   0x000000c4   Code   RO          533    i.HAL_SPI_MspInit   spi.o
    0x080030bc   0x080030bc   0x00000002   Code   RO         3042    i.HAL_TIMEx_Break2Callback  stm32f3xx_hal_tim_ex.o
    0x080030be   0x080030be   0x00000002   Code   RO         3043    i.HAL_TIMEx_BreakCallback  stm32f3xx_hal_tim_ex.o
    0x080030c0   0x080030c0   0x00000002   Code   RO         3044    i.HAL_TIMEx_CommutationCallback  stm32f3xx_hal_tim_ex.o
    0x080030c2   0x080030c2   0x00000002   PAD
    0x080030c4   0x080030c4   0x00000108   Code   RO         2397    i.HAL_TIM_Base_Init  stm32f3xx_hal_tim.o
    0x080031cc   0x080031cc   0x00000002   Code   RO         2399    i.HAL_TIM_Base_MspInit  stm32f3xx_hal_tim.o
    0x080031ce   0x080031ce   0x00000002   PAD
    0x080031d0   0x080031d0   0x000000ac   Code   RO         2402    i.HAL_TIM_Base_Start_IT  stm32f3xx_hal_tim.o
    0x0800327c   0x0800327c   0x00000002   Code   RO         2428    i.HAL_TIM_IC_CaptureCallback  stm32f3xx_hal_tim.o
    0x0800327e   0x0800327e   0x00000184   Code   RO         2441    i.HAL_TIM_IRQHandler  stm32f3xx_hal_tim.o
    0x08003402   0x08003402   0x00000002   Code   RO         2444    i.HAL_TIM_OC_DelayElapsedCallback  stm32f3xx_hal_tim.o
    0x08003404   0x08003404   0x00000002   Code   RO         2471    i.HAL_TIM_PWM_PulseFinishedCallback  stm32f3xx_hal_tim.o
    0x08003406   0x08003406   0x00000002   PAD
    0x08003408   0x08003408   0x00000014   Code   RO           14    i.HAL_TIM_PeriodElapsedCallback  main.o
    0x0800341c   0x0800341c   0x00000002   Code   RO         2482    i.HAL_TIM_TriggerCallback  stm32f3xx_hal_tim.o
    0x0800341e   0x0800341e   0x00000002   PAD
    0x08003420   0x08003420   0x000000fc   Code   RO         3347    i.HAL_UART_Init     stm32f3xx_hal_uart.o
    0x0800351c   0x0800351c   0x000000c4   Code   RO          581    i.HAL_UART_MspInit  usart.o
    0x080035e0   0x080035e0   0x0000002c   Code   RO         6297    i.HandleSpiRxIRQ    spi_api.o
    0x0800360c   0x0800360c   0x00000058   Code   RO         6298    i.HandleSpiTxIRQ    spi_api.o
    0x08003664   0x08003664   0x00000050   Code   RO         6062    i.HandleUartRxIRQ   uart_api.o
    0x080036b4   0x080036b4   0x0000004c   Code   RO         6063    i.HandleUartTxIRQ   uart_api.o
    0x08003700   0x08003700   0x00000002   Code   RO          675    i.HardFault_Handler  stm32f3xx_it.o
    0x08003702   0x08003702   0x00000002   PAD
    0x08003704   0x08003704   0x0000000c   Code   RO          676    i.I2C1_ER_IRQHandler  stm32f3xx_it.o
    0x08003710   0x08003710   0x0000000c   Code   RO          677    i.I2C1_EV_IRQHandler  stm32f3xx_it.o
    0x0800371c   0x0800371c   0x00000032   Code   RO         1242    i.I2C_DMAAbort      stm32f3xx_hal_i2c.o
    0x0800374e   0x0800374e   0x00000056   Code   RO         1248    i.I2C_Disable_IRQ   stm32f3xx_hal_i2c.o
    0x080037a4   0x080037a4   0x00000022   Code   RO         1250    i.I2C_Flush_TXDR    stm32f3xx_hal_i2c.o
    0x080037c6   0x080037c6   0x00000088   Code   RO         1251    i.I2C_ITAddrCplt    stm32f3xx_hal_i2c.o
    0x0800384e   0x0800384e   0x00000002   PAD
    0x08003850   0x08003850   0x000000e0   Code   RO         1252    i.I2C_ITError       stm32f3xx_hal_i2c.o
    0x08003930   0x08003930   0x0000005c   Code   RO         1253    i.I2C_ITListenCplt  stm32f3xx_hal_i2c.o
    0x0800398c   0x0800398c   0x000000f0   Code   RO         1256    i.I2C_ITSlaveCplt   stm32f3xx_hal_i2c.o
    0x08003a7c   0x08003a7c   0x00000054   Code   RO         1257    i.I2C_ITSlaveSequentialCplt  stm32f3xx_hal_i2c.o
    0x08003ad0   0x08003ad0   0x00000110   Code   RO         1264    i.I2C_Slave_ISR_IT  stm32f3xx_hal_i2c.o
    0x08003be0   0x08003be0   0x00000068   Code   RO         6173    i.InitializeMessageQueues  message_queue_api.o
    0x08003c48   0x08003c48   0x00000030   Code   RO         6299    i.InitializeSpiMutexes  spi_api.o
    0x08003c78   0x08003c78   0x00000048   Code   RO         6064    i.InitializeUartInterrupts  uart_api.o
    0x08003cc0   0x08003cc0   0x00000030   Code   RO         6065    i.InitializeUartMutexes  uart_api.o
    0x08003cf0   0x08003cf0   0x0000003c   Code   RO          297    i.MX_CAN_Init       can.o
    0x08003d2c   0x08003d2c   0x00000030   Code   RO          339    i.MX_CRC_Init       crc.o
    0x08003d5c   0x08003d5c   0x00000034   Code   RO          379    i.MX_FREERTOS_Init  freertos.o
    0x08003d90   0x08003d90   0x00000100   Code   RO          271    i.MX_GPIO_Init      gpio.o
    0x08003e90   0x08003e90   0x00000058   Code   RO          450    i.MX_I2C1_Init      i2c.o
    0x08003ee8   0x08003ee8   0x00000034   Code   RO          492    i.MX_RTC_Init       rtc.o
    0x08003f1c   0x08003f1c   0x00000050   Code   RO          534    i.MX_SPI1_Init      spi.o
    0x08003f6c   0x08003f6c   0x00000050   Code   RO          535    i.MX_SPI2_Init      spi.o
    0x08003fbc   0x08003fbc   0x0000003c   Code   RO          582    i.MX_USART1_UART_Init  usart.o
    0x08003ff8   0x08003ff8   0x0000003c   Code   RO          583    i.MX_USART3_UART_Init  usart.o
    0x08004034   0x08004034   0x00000034   Code   RO          630    i.MX_USB_PCD_Init   usb.o
    0x08004068   0x08004068   0x000003c8   Code   RO         6494    i.MahonyAHRSupdate  mahonyahrs.o
    0x08004430   0x08004430   0x00000240   Code   RO         6495    i.MahonyAHRSupdateIMU  mahonyahrs.o
    0x08004670   0x08004670   0x00000002   Code   RO          678    i.MemManage_Handler  stm32f3xx_it.o
    0x08004672   0x08004672   0x00000002   PAD
    0x08004674   0x08004674   0x00000020   Code   RO         6174    i.MessagesPresentInQueueFromISR  message_queue_api.o
    0x08004694   0x08004694   0x000000bc   Code   RO         6410    i.Mpu_ARead         mpu9250_api.o
    0x08004750   0x08004750   0x00000096   Code   RO         6411    i.Mpu_Config        mpu9250_api.o
    0x080047e6   0x080047e6   0x00000002   PAD
    0x080047e8   0x080047e8   0x000000fc   Code   RO         6413    i.Mpu_ConvertData   mpu9250_api.o
    0x080048e4   0x080048e4   0x0000004c   Code   RO         6414    i.Mpu_Detect        mpu9250_api.o
    0x08004930   0x08004930   0x000000bc   Code   RO         6415    i.Mpu_GRead         mpu9250_api.o
    0x080049ec   0x080049ec   0x00000024   Code   RO         6416    i.Mpu_ImuRead       mpu9250_api.o
    0x08004a10   0x08004a10   0x00000016   Code   RO         6417    i.Mpu_Init          mpu9250_api.o
    0x08004a26   0x08004a26   0x00000002   PAD
    0x08004a28   0x08004a28   0x000000ac   Code   RO         6419    i.Mpu_PrintData     mpu9250_api.o
    0x08004ad4   0x08004ad4   0x00000002   Code   RO          679    i.NMI_Handler       stm32f3xx_it.o
    0x08004ad6   0x08004ad6   0x00000020   Code   RO         4496    i.NVIC_SetPriority  stm32f3xx_hal_cortex.o
    0x08004af6   0x08004af6   0x00000002   PAD
    0x08004af8   0x08004af8   0x0000007c   Code   RO         6066    i.PrintToUart       uart_api.o
    0x08004b74   0x08004b74   0x0000003a   Code   RO         1698    i.RTC_EnterInitMode  stm32f3xx_hal_rtc.o
    0x08004bae   0x08004bae   0x00000002   PAD
    0x08004bb0   0x08004bb0   0x00000024   Code   RO         6129    i.ReadByteFromBuffer  buffer_api.o
    0x08004bd4   0x08004bd4   0x00000026   Code   RO         6421    i.ReadIMU           mpu9250_api.o
    0x08004bfa   0x08004bfa   0x00000002   PAD
    0x08004bfc   0x08004bfc   0x00000034   Code   RO         6175    i.ReceiveByteFromQueue  message_queue_api.o
    0x08004c30   0x08004c30   0x00000034   Code   RO         6176    i.ReceiveByteFromQueueFromISR  message_queue_api.o
    0x08004c64   0x08004c64   0x00000050   Code   RO         6236    i.ReportErrorToUart  error_handling_api.o
    0x08004cb4   0x08004cb4   0x00000010   Code   RO         6237    i.RepportErrorByLed  error_handling_api.o
    0x08004cc4   0x08004cc4   0x00000050   Code   RO         6300    i.ReselectSpiSlave  spi_api.o
    0x08004d14   0x08004d14   0x00000012   Code   RO          680    i.SPI1_IRQHandler   stm32f3xx_it.o
    0x08004d26   0x08004d26   0x00000002   Code   RO          681    i.SPI2_IRQHandler   stm32f3xx_it.o
    0x08004d28   0x08004d28   0x00000050   Code   RO         6301    i.SelectSpiSlave    spi_api.o
    0x08004d78   0x08004d78   0x00000034   Code   RO         6178    i.SendByteToQueue   message_queue_api.o
    0x08004dac   0x08004dac   0x00000034   Code   RO         6179    i.SendByteToQueueFromISR  message_queue_api.o
    0x08004de0   0x08004de0   0x00000040   Code   RO         6180    i.SendMessageToQueueFromISR  message_queue_api.o
    0x08004e20   0x08004e20   0x00000024   Code   RO         6302    i.SpiDisable        spi_api.o
    0x08004e44   0x08004e44   0x00000024   Code   RO         6303    i.SpiEnable         spi_api.o
    0x08004e68   0x08004e68   0x0000003c   Code   RO         6304    i.SpiReadRequest    spi_api.o
    0x08004ea4   0x08004ea4   0x00000090   Code   RO         6305    i.SpiReadSlaveRegister  spi_api.o
    0x08004f34   0x08004f34   0x00000024   Code   RO         6306    i.SpiReceiveByte    spi_api.o
    0x08004f58   0x08004f58   0x00000038   Code   RO         6307    i.SpiSendByte       spi_api.o
    0x08004f90   0x08004f90   0x00000098   Code   RO         6308    i.SpiWriteRequest   spi_api.o
    0x08005028   0x08005028   0x00000090   Code   RO         6309    i.SpiWriteSlaveRegister  spi_api.o
    0x080050b8   0x080050b8   0x000000b0   Code   RO          380    i.StartDefaultTask  freertos.o
    0x08005168   0x08005168   0x0000002c   Code   RO         5983    i.SysTick_Handler   port.o
    0x08005194   0x08005194   0x00000080   Code   RO           15    i.SystemClock_Config  main.o
    0x08005214   0x08005214   0x00000068   Code   RO         4950    i.SystemInit        system_stm32f3xx.o
    0x0800527c   0x0800527c   0x0000000c   Code   RO          682    i.TIM1_UP_TIM16_IRQHandler  stm32f3xx_it.o
    0x08005288   0x08005288   0x00000098   Code   RO         2483    i.TIM_Base_SetConfig  stm32f3xx_hal_tim.o
    0x08005320   0x08005320   0x00000204   Code   RO         3360    i.UART_AdvFeatureConfig  stm32f3xx_hal_uart.o
    0x08005524   0x08005524   0x0000005c   Code   RO         3361    i.UART_CheckIdleState  stm32f3xx_hal_uart.o
    0x08005580   0x08005580   0x000002d4   Code   RO         3376    i.UART_SetConfig    stm32f3xx_hal_uart.o
    0x08005854   0x08005854   0x00000064   Code   RO         3378    i.UART_WaitOnFlagUntilTimeout  stm32f3xx_hal_uart.o
    0x080058b8   0x080058b8   0x00000012   Code   RO          683    i.USART1_IRQHandler  stm32f3xx_it.o
    0x080058ca   0x080058ca   0x00000002   Code   RO          684    i.USART3_IRQHandler  stm32f3xx_it.o
    0x080058cc   0x080058cc   0x0000000c   Code   RO          685    i.USB_HP_CAN_TX_IRQHandler  stm32f3xx_it.o
    0x080058d8   0x080058d8   0x00000002   Code   RO          686    i.UsageFault_Handler  stm32f3xx_it.o
    0x080058da   0x080058da   0x00000002   PAD
    0x080058dc   0x080058dc   0x0000003c   Code   RO         6130    i.WriteByteToBuffer  buffer_api.o
    0x08005918   0x08005918   0x00000040   Code   RO         6131    i.WriteMessageToBuffer  buffer_api.o
    0x08005958   0x08005958   0x0000001a   Code   RO         6240    i._ReportError      error_handling_api.o
    0x08005972   0x08005972   0x00000002   PAD
    0x08005974   0x08005974   0x0000002c   Code   RO         6567    i.__0vsnprintf      mc_w.l(printfa.o)
    0x080059a0   0x080059a0   0x0000007a   Code   RO         6534    i.__hardfp_sqrt     m_wm.l(sqrt.o)
    0x08005a1a   0x08005a1a   0x0000000e   Code   RO         6652    i.__scatterload_copy  mc_w.l(handlers.o)
    0x08005a28   0x08005a28   0x00000002   Code   RO         6653    i.__scatterload_null  mc_w.l(handlers.o)
    0x08005a2a   0x08005a2a   0x0000000e   Code   RO         6654    i.__scatterload_zeroinit  mc_w.l(handlers.o)
    0x08005a38   0x08005a38   0x0000000c   Code   RO         6620    i.__set_errno       mc_w.l(errno.o)
    0x08005a44   0x08005a44   0x00000184   Code   RO         6569    i._fp_digits        mc_w.l(printfa.o)
    0x08005bc8   0x08005bc8   0x000006dc   Code   RO         6570    i._printf_core      mc_w.l(printfa.o)
    0x080062a4   0x080062a4   0x00000024   Code   RO         6571    i._printf_post_padding  mc_w.l(printfa.o)
    0x080062c8   0x080062c8   0x0000002e   Code   RO         6572    i._printf_pre_padding  mc_w.l(printfa.o)
    0x080062f6   0x080062f6   0x00000016   Code   RO         6573    i._snputc           mc_w.l(printfa.o)
    0x0800630c   0x0800630c   0x00000002   Code   RO           16    i.assert_failed     main.o
    0x0800630e   0x0800630e   0x00000002   PAD
    0x08006310   0x08006310   0x0000002c   Code   RO         6496    i.invSqrt           mahonyahrs.o
    0x0800633c   0x0800633c   0x00000050   Code   RO           17    i.main              main.o
    0x0800638c   0x0800638c   0x0000000c   Code   RO         5548    i.makeFreeRtosPriority  cmsis_os.o
    0x08006398   0x08006398   0x0000000a   Code   RO         5553    i.osKernelStart     cmsis_os.o
    0x080063a2   0x080063a2   0x0000002e   Code   RO         5587    i.osThreadCreate    cmsis_os.o
    0x080063d0   0x080063d0   0x00000084   Code   RO         6497    i.printQuaternion   mahonyahrs.o
    0x08006454   0x08006454   0x00000070   Code   RO         5259    i.prvAddCurrentTaskToDelayedList  tasks.o
    0x080064c4   0x080064c4   0x000000d0   Code   RO         5260    i.prvAddNewTaskToReadyList  tasks.o
    0x08006594   0x08006594   0x00000050   Code   RO         5261    i.prvCheckTasksWaitingTermination  tasks.o
    0x080065e4   0x080065e4   0x00000026   Code   RO         5119    i.prvCopyDataFromQueue  queue.o
    0x0800660a   0x0800660a   0x0000006c   Code   RO         5120    i.prvCopyDataToQueue  queue.o
    0x08006676   0x08006676   0x00000014   Code   RO         5262    i.prvDeleteTCB      tasks.o
    0x0800668a   0x0800668a   0x00000002   PAD
    0x0800668c   0x0800668c   0x00000048   Code   RO         5921    i.prvHeapInit       heap_4.o
    0x080066d4   0x080066d4   0x00000028   Code   RO         5263    i.prvIdleTask       tasks.o
    0x080066fc   0x080066fc   0x0000008e   Code   RO         5264    i.prvInitialiseNewTask  tasks.o
    0x0800678a   0x0800678a   0x00000002   PAD
    0x0800678c   0x0800678c   0x0000004c   Code   RO         5922    i.prvInsertBlockIntoFreeList  heap_4.o
    0x080067d8   0x080067d8   0x0000001c   Code   RO         5121    i.prvIsQueueEmpty   queue.o
    0x080067f4   0x080067f4   0x00000020   Code   RO         5265    i.prvResetNextTaskUnblockTime  tasks.o
    0x08006814   0x08006814   0x00000028   Code   RO         5984    i.prvTaskExitError  port.o
    0x0800683c   0x0800683c   0x0000006a   Code   RO         5122    i.prvUnlockQueue    queue.o
    0x080068a6   0x080068a6   0x00000002   PAD
    0x080068a8   0x080068a8   0x000000d8   Code   RO         5923    i.pvPortMalloc      heap_4.o
    0x08006980   0x08006980   0x00000018   Code   RO         5267    i.pvTaskIncrementMutexHeldCount  tasks.o
    0x08006998   0x08006998   0x0000002c   Code   RO         5985    i.pxPortInitialiseStack  port.o
    0x080069c4   0x080069c4   0x00000024   Code   RO         5082    i.uxListRemove      list.o
    0x080069e8   0x080069e8   0x00000016   Code   RO         5124    i.uxQueueMessagesWaitingFromISR  queue.o
    0x080069fe   0x080069fe   0x00000016   Code   RO         5083    i.vListInitialise   list.o
    0x08006a14   0x08006a14   0x00000006   Code   RO         5084    i.vListInitialiseItem  list.o
    0x08006a1a   0x08006a1a   0x00000030   Code   RO         5085    i.vListInsert       list.o
    0x08006a4a   0x08006a4a   0x00000018   Code   RO         5086    i.vListInsertEnd    list.o
    0x08006a62   0x08006a62   0x00000002   PAD
    0x08006a64   0x08006a64   0x00000040   Code   RO         5987    i.vPortEnterCritical  port.o
    0x08006aa4   0x08006aa4   0x00000028   Code   RO         5988    i.vPortExitCritical  port.o
    0x08006acc   0x08006acc   0x0000005c   Code   RO         5924    i.vPortFree         heap_4.o
    0x08006b28   0x08006b28   0x00000020   Code   RO         5989    i.vPortSetupTimerInterrupt  port.o
    0x08006b48   0x08006b48   0x00000054   Code   RO         5990    i.vPortValidateInterruptPriority  port.o
    0x08006b9c   0x08006b9c   0x0000004c   Code   RO         5273    i.vTaskDelay        tasks.o
    0x08006be8   0x08006be8   0x0000000c   Code   RO         5276    i.vTaskMissedYield  tasks.o
    0x08006bf4   0x08006bf4   0x00000030   Code   RO         5278    i.vTaskPlaceOnEventList  tasks.o
    0x08006c24   0x08006c24   0x00000084   Code   RO         5280    i.vTaskPriorityInherit  tasks.o
    0x08006ca8   0x08006ca8   0x00000024   Code   RO         5283    i.vTaskSetTimeOutState  tasks.o
    0x08006ccc   0x08006ccc   0x00000068   Code   RO         5284    i.vTaskStartScheduler  tasks.o
    0x08006d34   0x08006d34   0x00000010   Code   RO         5286    i.vTaskSuspendAll   tasks.o
    0x08006d44   0x08006d44   0x0000005c   Code   RO         5287    i.vTaskSwitchContext  tasks.o
    0x08006da0   0x08006da0   0x000000e0   Code   RO         5991    i.xPortStartScheduler  port.o
    0x08006e80   0x08006e80   0x00000024   Code   RO         5129    i.xQueueCreateMutex  queue.o
    0x08006ea4   0x08006ea4   0x00000048   Code   RO         5130    i.xQueueGenericCreate  queue.o
    0x08006eec   0x08006eec   0x0000016c   Code   RO         5131    i.xQueueGenericReceive  queue.o
    0x08007058   0x08007058   0x00000088   Code   RO         5132    i.xQueueGenericReset  queue.o
    0x080070e0   0x080070e0   0x00000160   Code   RO         5133    i.xQueueGenericSend  queue.o
    0x08007240   0x08007240   0x000000bc   Code   RO         5134    i.xQueueGenericSendFromISR  queue.o
    0x080072fc   0x080072fc   0x0000009a   Code   RO         5139    i.xQueueReceiveFromISR  queue.o
    0x08007396   0x08007396   0x00000002   PAD
    0x08007398   0x08007398   0x0000006c   Code   RO         5288    i.xTaskCheckForTimeOut  tasks.o
    0x08007404   0x08007404   0x00000056   Code   RO         5289    i.xTaskCreate       tasks.o
    0x0800745a   0x0800745a   0x00000002   PAD
    0x0800745c   0x0800745c   0x0000001c   Code   RO         5293    i.xTaskGetSchedulerState  tasks.o
    0x08007478   0x08007478   0x000000c8   Code   RO         5296    i.xTaskIncrementTick  tasks.o
    0x08007540   0x08007540   0x00000098   Code   RO         5299    i.xTaskPriorityDisinherit  tasks.o
    0x080075d8   0x080075d8   0x00000074   Code   RO         5300    i.xTaskRemoveFromEventList  tasks.o
    0x0800764c   0x0800764c   0x000000c4   Code   RO         5302    i.xTaskResumeAll    tasks.o
    0x08007710   0x08007710   0x00000014   Data   RO          381    .constdata          freertos.o
    0x08007724   0x08007724   0x00000020   Data   RO         4179    .constdata          stm32f3xx_hal_rcc.o
    0x08007744   0x08007744   0x00000010   Data   RO         4951    .constdata          system_stm32f3xx.o
    0x08007754   0x08007754   0x00000008   Data   RO         4952    .constdata          system_stm32f3xx.o
    0x0800775c   0x0800775c   0x0000001a   Data   RO         6181    .constdata          message_queue_api.o
    0x08007776   0x08007776   0x00000002   PAD
    0x08007778   0x08007778   0x0000000c   Data   RO          382    .conststring        freertos.o
    0x08007784   0x08007784   0x0000004b   Data   RO         6422    .conststring        mpu9250_api.o
    0x080077cf   0x080077cf   0x00000001   PAD
    0x080077d0   0x080077d0   0x00000020   Data   RO         6650    Region$$Table       anon$$obj.o


    Execution Region RW_IRAM1 (Exec base: 0x20000000, Load base: 0x080077f0, Size: 0x00003580, Max: 0x0000a000, ABSOLUTE, COMPRESSED[0x0000004c])

    Exec Addr    Load Addr    Size         Type   Attr      Idx    E Section Name        Object

    0x20000000   COMPRESSED   0x00000004   Data   RW          383    .data               freertos.o
    0x20000004   COMPRESSED   0x0000000c   Data   RW         4016    .data               stm32f3xx_hal.o
    0x20000010   COMPRESSED   0x00000004   Data   RW         4953    .data               system_stm32f3xx.o
    0x20000014   COMPRESSED   0x0000003c   Data   RW         5305    .data               tasks.o
    0x20000050   COMPRESSED   0x00000018   Data   RW         5929    .data               heap_4.o
    0x20000068   COMPRESSED   0x0000000c   Data   RW         5992    .data               port.o
    0x20000074   COMPRESSED   0x00000024   Data   RW         6068    .data               uart_api.o
    0x20000098   COMPRESSED   0x00000018   Data   RW         6134    .data               buffer_api.o
    0x200000b0   COMPRESSED   0x00000020   Data   RW         6182    .data               message_queue_api.o
    0x200000d0   COMPRESSED   0x0000003c   Data   RW         6310    .data               spi_api.o
    0x2000010c   COMPRESSED   0x00000024   Data   RW         6498    .data               mahonyahrs.o
    0x20000130   COMPRESSED   0x00000004   Data   RW         6621    .data               mc_w.l(errno.o)
    0x20000134        -       0x00000028   Zero   RW          298    .bss                can.o
    0x2000015c        -       0x00000024   Zero   RW          340    .bss                crc.o
    0x20000180        -       0x0000004c   Zero   RW          451    .bss                i2c.o
    0x200001cc        -       0x00000020   Zero   RW          493    .bss                rtc.o
    0x200001ec        -       0x000000c8   Zero   RW          536    .bss                spi.o
    0x200002b4        -       0x000000e0   Zero   RW          584    .bss                usart.o
    0x20000394        -       0x000003a8   Zero   RW          631    .bss                usb.o
    0x2000073c        -       0x00000040   Zero   RW          821    .bss                stm32f3xx_hal_timebase_tim.o
    0x2000077c        -       0x000000f0   Zero   RW         5304    .bss                tasks.o
    0x2000086c        -       0x00002710   Zero   RW         5928    .bss                heap_4.o
    0x20002f7c        -       0x00000100   Zero   RW         6132    .bss                buffer_api.o
    0x2000307c        -       0x00000100   Zero   RW         6133    .bss                buffer_api.o
    0x2000317c   COMPRESSED   0x00000004   PAD
    0x20003180        -       0x00000400   Zero   RW            1    STACK               startup_stm32f302xc.o


==============================================================================

Image component sizes


      Code (inc. data)   RO Data    RW Data    ZI Data      Debug   Object Name

       220         34          0         24        512       3999   buffer_api.o
       212         22          0          0         40       1591   can.o
        68          0          0          0          0      11831   cmsis_os.o
        88         18          0          0         36       1419   crc.o
       138         52          0          0          0       3095   error_handling_api.o
         0          0          0          0          0       9432   event_groups.o
       228        106         32          4          0       3190   freertos.o
       256         16          0          0          0        959   gpio.o
       456         22          0         24      10000       7123   heap_4.o
       252         26          0          0         76       1649   i2c.o
       136          0          0          0          0       3366   list.o
      1720         74          0         36          0       4127   mahonyahrs.o
       232         16          0          0          0     609760   main.o
       408         78         26         32          0       5656   message_queue_api.o
      1122        128         75          0          0       8037   mpu9250_api.o
       758         84          0         12          0      11533   port.o
      1604         14          0          0          0      14948   queue.o
        92         16          0          0         32       1359   rtc.o
       356         36          0          0        200       2254   spi.o
      1060        108          0         60          0      22582   spi_api.o
        36          8        392          0       1024        808   startup_stm32f302xc.o
        64         14          0         12          0      11034   stm32f3xx_hal.o
      1230         62          0          0          0       9715   stm32f3xx_hal_can.o
       416        196          0          0          0      29622   stm32f3xx_hal_cortex.o
       292         66          0          0          0       1167   stm32f3xx_hal_crc.o
       168         60          0          0          0       1207   stm32f3xx_hal_crc_ex.o
        74          0          0          0          0       1027   stm32f3xx_hal_dma.o
       830        182          0          0          0       3580   stm32f3xx_hal_gpio.o
      1772        100          0          0          0      13891   stm32f3xx_hal_i2c.o
       384        136          0          0          0       1943   stm32f3xx_hal_i2c_ex.o
        52          4          0          0          0        806   stm32f3xx_hal_msp.o
       244         62          0          0          0       1409   stm32f3xx_hal_pcd.o
      2702        250         32          0          0       6377   stm32f3xx_hal_rcc.o
       936         76          0          0          0       1612   stm32f3xx_hal_rcc_ex.o
       472         64          0          0          0       2800   stm32f3xx_hal_rtc.o
       580         68          0          0          0       1295   stm32f3xx_hal_spi.o
       986        194          0          0          0       6786   stm32f3xx_hal_tim.o
         6          0          0          0          0       2105   stm32f3xx_hal_tim_ex.o
       116         18          0          0         64       1335   stm32f3xx_hal_timebase_tim.o
      1684        274          0          0          0       5079   stm32f3xx_hal_uart.o
       130         36          0          0          0       7554   stm32f3xx_it.o
       104         22         24          4          0       1099   system_stm32f3xx.o
      2060        170          0         60        240      21649   tasks.o
       400         28          0         36          0      22582   uart_api.o
       316         32          0          0        224       2271   usart.o
       152         18          0          0        936       1582   usb.o

    ----------------------------------------------------------------------
     25668       2990        616        304      13388     888245   Object Totals
         0          0         32          0          0          0   (incl. Generated)
        56          0          3          0          4          0   (incl. Padding)

    ----------------------------------------------------------------------

      Code (inc. data)   RO Data    RW Data    ZI Data      Debug   Library Member Name

       122          0          0          0          0        148   sqrt.o
        86          0          0          0          0          0   __dczerorl2.o
         0          0          0          0          0          0   entry.o
         0          0          0          0          0          0   entry10a.o
         0          0          0          0          0          0   entry11a.o
         8          4          0          0          0          0   entry2.o
         4          0          0          0          0          0   entry5.o
         0          0          0          0          0          0   entry7b.o
         0          0          0          0          0          0   entry8b.o
         8          4          0          0          0          0   entry9a.o
        12          6          0          4          0         68   errno.o
        30          0          0          0          0          0   handlers.o
        36          8          0          0          0         68   init.o
         0          0          0          0          0          0   iusefp.o
        30          0          0          0          0         68   llshl.o
        36          0          0          0          0         68   llsshr.o
        32          0          0          0          0         68   llushr.o
        36          0          0          0          0         68   memcpya.o
        36          0          0          0          0        108   memseta.o
      2292         84          0          0          0        516   printfa.o
        20          0          0          0          0         68   strchr.o
        24          0          0          0          0         76   strncpy.o
        44          0          0          0          0         80   uidiv.o
        98          0          0          0          0         92   uldiv.o
        48          0          0          0          0         68   cdrcmple.o
        56          0          0          0          0         88   d2f.o
       334          0          0          0          0        148   dadd.o
       222          0          0          0          0        100   ddiv.o
       186          0          0          0          0        176   depilogue.o
        48          0          0          0          0         68   dfixul.o
        34          0          0          0          0         76   dflti.o
       228          0          0          0          0         96   dmul.o
       162          0          0          0          0        100   dsqrt.o
        38          0          0          0          0         68   f2d.o
       110          0          0          0          0        168   fepilogue.o

    ----------------------------------------------------------------------
      4420        106          0          4          0       2652   Library Totals
         0          0          0          0          0          0   (incl. Padding)

    ----------------------------------------------------------------------

      Code (inc. data)   RO Data    RW Data    ZI Data      Debug   Library Name

       122          0          0          0          0        148   m_wm.l
      2832        106          0          4          0       1348   mc_w.l
      1466          0          0          0          0       1156   mf_w.l

    ----------------------------------------------------------------------
      4420        106          0          4          0       2652   Library Totals

    ----------------------------------------------------------------------

==============================================================================


      Code (inc. data)   RO Data    RW Data    ZI Data      Debug   

     30088       3096        616        308      13388     868181   Grand Totals
     30088       3096        616         76      13388     868181   ELF Image Totals (compressed)
     30088       3096        616         76          0          0   ROM Totals

==============================================================================

    Total RO  Size (Code + RO Data)                30704 (  29.98kB)
    Total RW  Size (RW Data + ZI Data)             13696 (  13.38kB)
    Total ROM Size (Code + RO Data + RW Data)      30780 (  30.06kB)

==============================================================================

